<html>
<body>
<pre>
<h1>µVision Build Log</h1>
<h2>Tool Versions:</h2>
IDE-Version: µVision V5.28.0.0
Copyright (C) 2019 ARM Ltd and ARM Germany GmbH. All rights reserved.
License Information: hamas khan, taraz, LIC=IC9VE-5S9H8-IM99B-2XE0L-DMA3A-3B9D3
 
Tool Versions:
Toolchain:       MDK-ARM Professional  Version: 5.28.0.0
Toolchain Path:  C:\Keil_v5\ARM\ARMCLANG\Bin
C Compiler:      ArmClang.exe V6.12
Assembler:       Armasm.exe V6.12
Linker/Locator:  ArmLink.exe V6.12
Library Manager: ArmAr.exe V6.12
Hex Converter:   FromElf.exe V6.12
CPU DLL:         SARMCM3.DLL V5.28.0.0
Dialog DLL:      DCM.DLL V1.17.3.0
Target DLL:      UL2CM3.DLL V1.162.16.0
Dialog DLL:      TCM.DLL V1.36.2.0
 
<h2>Project:</h2>
C:\TarazWorkDir\chashma vortex\chashma proj\Solar Inverter\solar_inverter.uvprojx
Project File Date:  01/14/2020

<h2>Output:</h2>
*** Using Compiler 'V6.12', folder: 'C:\Keil_v5\ARM\ARMCLANG\Bin'
Build target 'Target 1'
compiling fsl_common.c...
compiling plz_work.c...
compiling fsl_clock.c...
compiling fsl_adc16.c...
compiling fsl_dmamux.c...
compiling fsl_dspi_edma.c...
compiling fsl_edma.c...
compiling fsl_dspi.c...
compiling fsl_ewm.c...
compiling fsl_ftfx_cache.c...
compiling fsl_flexbus.c...
compiling fsl_ftfx_controller.c...
compiling fsl_ftfx_flexnvm.c...
compiling fsl_ftfx_flash.c...
compiling fsl_gpio.c...
compiling fsl_ftm.c...
compiling fsl_pdb.c...
compiling fsl_pit.c...
compiling fsl_pmc.c...
compiling fsl_sim.c...
compiling fsl_rnga.c...
compiling fsl_smc.c...
compiling fsl_uart_edma.c...
compiling fsl_vref.c...
compiling fsl_uart.c...
compiling fsl_wdog.c...
compiling system_MKV31F51212.c...
compiling uart_adapter.c...
compiling fsl_lpuart.c...
compiling serial_manager.c...
compiling serial_port_uart.c...
compiling fsl_debug_console.c...
compiling fsl_assert.c...
compiling generic_list.c...
compiling clock_config.c...
compiling pin_mux.c...
compiling fsl_str.c...
linking...
.\devices\MKV31F51212\arm\MKV31F512xxx12_flash.scf(23): warning: L6314W: No section matches pattern *(RamFuction).
Program Size: Code=12136 RO-data=1912 RW-data=20 ZI-data=2488  
Finished: 0 information, 1 warning and 0 error messages.
".\Objects\SPWM_inverter.axf" - 0 Error(s), 1 Warning(s).

<h2>Software Packages used:</h2>

Package Vendor: NXP
                http://mcuxpresso.nxp.com/cmsis_pack/repo/NXP.MKV31F51212_DFP.12.0.0.pack
                NXP.MKV31F51212_DFP.12.0.0
                Device Family Pack for MKV31F51212

<h2>Collection of Component include folders:</h2>
  .\RTE\_Target_1
  C:\Users\Taraz Tech1\AppData\Local\Arm\Packs\NXP\MKV31F51212_DFP\12.0.0

<h2>Collection of Component Files used:</h2>
Build Time Elapsed:  00:00:10
</pre>
</body>
</html>
