Component: ARM Compiler 6.12 Tool: armlink [5d624300]

==============================================================================

Section Cross References

    plz_work.o(.text.FTM3_IRQHandler) refers to fsl_ftm.o(.text.FTM_UpdatePwmDutycycle) for FTM_UpdatePwmDutycycle
    plz_work.o(.text.FTM3_IRQHandler) refers to fsl_ftm.o(.text.FTM_GetStatusFlags) for FTM_GetStatusFlags
    plz_work.o(.text.FTM3_IRQHandler) refers to fsl_ftm.o(.text.FTM_ClearStatusFlags) for FTM_ClearStatusFlags
    plz_work.o(.text.FTM3_IRQHandler) refers to plz_work.o(.bss..L_MergedGlobals) for [Anonymous Symbol]
    plz_work.o(.text.FTM3_IRQHandler) refers to plz_work.o(.bss.DS) for DS
    plz_work.o(.ARM.exidx.text.FTM3_IRQHandler) refers to plz_work.o(.text.FTM3_IRQHandler) for [Anonymous Symbol]
    plz_work.o(.ARM.exidx.text.delay) refers to plz_work.o(.text.delay) for [Anonymous Symbol]
    plz_work.o(.text.main) refers to clock_config.o(.text.BOARD_InitBootClocks) for BOARD_InitBootClocks
    plz_work.o(.text.main) refers to pin_mux.o(.text.BOARD_InitBootPins) for BOARD_InitBootPins
    plz_work.o(.text.main) refers to f2d.o(x$fpl$f2d) for __aeabi_f2d
    plz_work.o(.text.main) refers to ddiv.o(x$fpl$ddiv) for __aeabi_ddiv
    plz_work.o(.text.main) refers to sin.o(i.__hardfp_sin) for __hardfp_sin
    plz_work.o(.text.main) refers to dmul.o(x$fpl$dmul) for __aeabi_dmul
    plz_work.o(.text.main) refers to d2f.o(x$fpl$d2f) for __aeabi_d2f
    plz_work.o(.text.main) refers to fsl_ftm.o(.text.FTM_GetDefaultConfig) for FTM_GetDefaultConfig
    plz_work.o(.text.main) refers to fsl_ftm.o(.text.FTM_Init) for FTM_Init
    plz_work.o(.text.main) refers to fsl_clock.o(.text.CLOCK_GetFreq) for CLOCK_GetFreq
    plz_work.o(.text.main) refers to fsl_ftm.o(.text.FTM_SetupPwm) for FTM_SetupPwm
    plz_work.o(.text.main) refers to fsl_ftm.o(.text.FTM_EnableInterrupts) for FTM_EnableInterrupts
    plz_work.o(.text.main) refers to plz_work.o(.bss..L_MergedGlobals) for [Anonymous Symbol]
    plz_work.o(.text.main) refers to plz_work.o(.bss.DS) for DS
    plz_work.o(.ARM.exidx.text.main) refers to plz_work.o(.text.main) for [Anonymous Symbol]
    fsl_adc16.o(.text.ADC16_Init) refers to fsl_adc16.o(.text.ADC16_GetInstance) for ADC16_GetInstance
    fsl_adc16.o(.text.ADC16_Init) refers to fsl_assert.o(.text.__aeabi_assert) for __aeabi_assert
    fsl_adc16.o(.text.ADC16_Init) refers to fsl_adc16.o(.rodata.cst8) for s_adc16Clocks
    fsl_adc16.o(.text.ADC16_Init) refers to fsl_adc16.o(.rodata.str1.1) for .L.str
    fsl_adc16.o(.ARM.exidx.text.ADC16_Init) refers to fsl_adc16.o(.text.ADC16_Init) for [Anonymous Symbol]
    fsl_adc16.o(.text.ADC16_GetInstance) refers to fsl_assert.o(.text.__aeabi_assert) for __aeabi_assert
    fsl_adc16.o(.text.ADC16_GetInstance) refers to fsl_adc16.o(.rodata.str1.1) for .L.str.1
    fsl_adc16.o(.ARM.exidx.text.ADC16_GetInstance) refers to fsl_adc16.o(.text.ADC16_GetInstance) for [Anonymous Symbol]
    fsl_adc16.o(.text.ADC16_Deinit) refers to fsl_adc16.o(.text.ADC16_GetInstance) for ADC16_GetInstance
    fsl_adc16.o(.text.ADC16_Deinit) refers to fsl_adc16.o(.rodata.cst8) for s_adc16Clocks
    fsl_adc16.o(.ARM.exidx.text.ADC16_Deinit) refers to fsl_adc16.o(.text.ADC16_Deinit) for [Anonymous Symbol]
    fsl_adc16.o(.text.ADC16_GetDefaultConfig) refers to fsl_assert.o(.text.__aeabi_assert) for __aeabi_assert
    fsl_adc16.o(.text.ADC16_GetDefaultConfig) refers to fsl_adc16.o(.rodata.str1.1) for .L.str
    fsl_adc16.o(.ARM.exidx.text.ADC16_GetDefaultConfig) refers to fsl_adc16.o(.text.ADC16_GetDefaultConfig) for [Anonymous Symbol]
    fsl_adc16.o(.ARM.exidx.text.ADC16_DoAutoCalibration) refers to fsl_adc16.o(.text.ADC16_DoAutoCalibration) for [Anonymous Symbol]
    fsl_adc16.o(.text.ADC16_GetChannelStatusFlags) refers to fsl_assert.o(.text.__aeabi_assert) for __aeabi_assert
    fsl_adc16.o(.text.ADC16_GetChannelStatusFlags) refers to fsl_adc16.o(.rodata.str1.1) for .L.str.3
    fsl_adc16.o(.ARM.exidx.text.ADC16_GetChannelStatusFlags) refers to fsl_adc16.o(.text.ADC16_GetChannelStatusFlags) for [Anonymous Symbol]
    fsl_adc16.o(.ARM.exidx.text.ADC16_GetStatusFlags) refers to fsl_adc16.o(.text.ADC16_GetStatusFlags) for [Anonymous Symbol]
    fsl_adc16.o(.ARM.exidx.text.ADC16_SetChannelMuxMode) refers to fsl_adc16.o(.text.ADC16_SetChannelMuxMode) for [Anonymous Symbol]
    fsl_adc16.o(.text.ADC16_SetHardwareCompareConfig) refers to fsl_assert.o(.text.__aeabi_assert) for __aeabi_assert
    fsl_adc16.o(.text.ADC16_SetHardwareCompareConfig) refers to fsl_adc16.o(.rodata.str1.1) for .L.str.1
    fsl_adc16.o(.ARM.exidx.text.ADC16_SetHardwareCompareConfig) refers to fsl_adc16.o(.text.ADC16_SetHardwareCompareConfig) for [Anonymous Symbol]
    fsl_adc16.o(.ARM.exidx.text.ADC16_SetHardwareAverage) refers to fsl_adc16.o(.text.ADC16_SetHardwareAverage) for [Anonymous Symbol]
    fsl_adc16.o(.ARM.exidx.text.ADC16_ClearStatusFlags) refers to fsl_adc16.o(.text.ADC16_ClearStatusFlags) for [Anonymous Symbol]
[...]
    [Anonymous Symbol]                       0x00000b74   Section        0  fsl_clock.o(.text.CLOCK_InitOsc0)
    __arm_cp.28_0                            0x00000bd8   Number         4  fsl_clock.o(.text.CLOCK_InitOsc0)
    __arm_cp.28_1                            0x00000bdc   Number         4  fsl_clock.o(.text.CLOCK_InitOsc0)
    __arm_cp.28_2                            0x00000be0   Number         4  fsl_clock.o(.text.CLOCK_InitOsc0)
    [Anonymous Symbol]                       0x00000be4   Section        0  fsl_clock.o(.text.CLOCK_SetExternalRefClkConfig)
    __arm_cp.20_0                            0x00000c10   Number         4  fsl_clock.o(.text.CLOCK_SetExternalRefClkConfig)
    __arm_cp.20_1                            0x00000c14   Number         4  fsl_clock.o(.text.CLOCK_SetExternalRefClkConfig)
    [Anonymous Symbol]                       0x00000c18   Section        0  fsl_clock.o(.text.CLOCK_SetPbeMode)
    __arm_cp.40_0                            0x00000c6c   Number         4  fsl_clock.o(.text.CLOCK_SetPbeMode)
    __arm_cp.40_1                            0x00000c70   Number         4  fsl_clock.o(.text.CLOCK_SetPbeMode)
    __arm_cp.40_2                            0x00000c74   Number         4  fsl_clock.o(.text.CLOCK_SetPbeMode)
    [Anonymous Symbol]                       0x00000c78   Section        0  fsl_clock.o(.text.CLOCK_SetSimConfig)
    __arm_cp.16_0                            0x00000c98   Number         4  fsl_clock.o(.text.CLOCK_SetSimConfig)
    __arm_cp.16_1                            0x00000c9c   Number         4  fsl_clock.o(.text.CLOCK_SetSimConfig)
    ConvertRadixNumToString                  0x00000ca1   Thumb Code   124  fsl_str.o(.text.ConvertRadixNumToString)
    [Anonymous Symbol]                       0x00000ca0   Section        0  fsl_str.o(.text.ConvertRadixNumToString)
    [Anonymous Symbol]                       0x00000d1c   Section        0  fsl_edma.o(.text.DMA0_DriverIRQHandler)
    [Anonymous Symbol]                       0x00000d2c   Section        0  fsl_edma.o(.text.DMA10_DriverIRQHandler)
    [Anonymous Symbol]                       0x00000d3c   Section        0  fsl_edma.o(.text.DMA11_DriverIRQHandler)
    [Anonymous Symbol]                       0x00000d4c   Section        0  fsl_edma.o(.text.DMA12_DriverIRQHandler)
    [Anonymous Symbol]                       0x00000d5c   Section        0  fsl_edma.o(.text.DMA13_DriverIRQHandler)
    [Anonymous Symbol]                       0x00000d6c   Section        0  fsl_edma.o(.text.DMA14_DriverIRQHandler)
    [Anonymous Symbol]                       0x00000d7c   Section        0  fsl_edma.o(.text.DMA15_DriverIRQHandler)
    [Anonymous Symbol]                       0x00000d8c   Section        0  fsl_edma.o(.text.DMA1_DriverIRQHandler)
    [Anonymous Symbol]                       0x00000d9c   Section        0  fsl_edma.o(.text.DMA2_DriverIRQHandler)
    [Anonymous Symbol]                       0x00000dac   Section        0  fsl_edma.o(.text.DMA3_DriverIRQHandler)
    [Anonymous Symbol]                       0x00000dbc   Section        0  fsl_edma.o(.text.DMA4_DriverIRQHandler)
    [Anonymous Symbol]                       0x00000dcc   Section        0  fsl_edma.o(.text.DMA5_DriverIRQHandler)
    [Anonymous Symbol]                       0x00000ddc   Section        0  fsl_edma.o(.text.DMA6_DriverIRQHandler)
    [Anonymous Symbol]                       0x00000dec   Section        0  fsl_edma.o(.text.DMA7_DriverIRQHandler)
    [Anonymous Symbol]                       0x00000dfc   Section        0  fsl_edma.o(.text.DMA8_DriverIRQHandler)
    [Anonymous Symbol]                       0x00000e0c   Section        0  fsl_edma.o(.text.DMA9_DriverIRQHandler)
    __arm_cp.43_0                            0x00000e1c   Number         4  fsl_edma.o(.text.DMA9_DriverIRQHandler)
    DSPI_CommonIRQHandler                    0x00000e21   Thumb Code    26  fsl_dspi.o(.text.DSPI_CommonIRQHandler)
    [Anonymous Symbol]                       0x00000e20   Section        0  fsl_dspi.o(.text.DSPI_CommonIRQHandler)
    [Anonymous Symbol]                       0x00000e3c   Section        0  fsl_dspi.o(.text.DSPI_GetDummyDataInstance)
    __arm_cp.1_0                             0x00000e48   Number         4  fsl_dspi.o(.text.DSPI_GetDummyDataInstance)
    [Anonymous Symbol]                       0x00000e4c   Section        0  fsl_dspi.o(.text.DSPI_GetInstance)
    __arm_cp.0_0                             0x00000e70   Number         4  fsl_dspi.o(.text.DSPI_GetInstance)
    s_dspiBases                              0x00000e98   Number         0  fsl_dspi.o(.text.DSPI_GetInstance)
    DSPI_MasterTransferFillUpTxFifo          0x00000ea1   Thumb Code   276  fsl_dspi.o(.text.DSPI_MasterTransferFillUpTxFifo)
    [Anonymous Symbol]                       0x00000ea0   Section        0  fsl_dspi.o(.text.DSPI_MasterTransferFillUpTxFifo)
    [Anonymous Symbol]                       0x00000fac   Section        0  fsl_dspi.o(.text.DSPI_MasterTransferHandleIRQ)
    __arm_cp.21_0                            0x00001090   Number         4  fsl_dspi.o(.text.DSPI_MasterTransferHandleIRQ)
    [Anonymous Symbol]                       0x00001094   Section        0  fsl_dspi.o(.text.DSPI_SlaveTransferHandleIRQ)
    __arm_cp.30_0                            0x0000121c   Number         4  fsl_dspi.o(.text.DSPI_SlaveTransferHandleIRQ)
    __arm_cp.30_1                            0x00001220   Number         4  fsl_dspi.o(.text.DSPI_SlaveTransferHandleIRQ)
    __arm_cp.30_2                            0x00001224   Number         4  fsl_dspi.o(.text.DSPI_SlaveTransferHandleIRQ)
    DbgConsole_PrintCallback                 0x00001229   Thumb Code    54  fsl_debug_console.o(.text.DbgConsole_PrintCallback)
    [Anonymous Symbol]                       0x00001228   Section        0  fsl_debug_console.o(.text.DbgConsole_PrintCallback)
    [Anonymous Symbol]                       0x00001260   Section        0  fsl_debug_console.o(.text.DbgConsole_Printf)
    __arm_cp.8_1                             0x000012a0   Number         4  fsl_debug_console.o(.text.DbgConsole_Printf)
    [Anonymous Symbol]                       0x000012a4   Section        0  fsl_debug_console.o(.text.DbgConsole_SendDataReliable)
    __arm_cp.2_0                             0x000012e4   Number         4  fsl_debug_console.o(.text.DbgConsole_SendDataReliable)
    __arm_cp.2_1                             0x000012e8   Number         4  fsl_debug_console.o(.text.DbgConsole_SendDataReliable)
    __arm_cp.2_2                             0x000012ec   Number         4  fsl_debug_console.o(.text.DbgConsole_SendDataReliable)
    __arm_cp.2_3                             0x000012f0   Number         4  fsl_debug_console.o(.text.DbgConsole_SendDataReliable)
    [Anonymous Symbol]                       0x000012f4   Section        0  fsl_edma.o(.text.EDMA_HandleIRQ)
    __arm_cp.33_0                            0x000013a4   Number         4  fsl_edma.o(.text.EDMA_HandleIRQ)
    __arm_cp.33_1                            0x000013a8   Number         4  fsl_edma.o(.text.EDMA_HandleIRQ)
    [Anonymous Symbol]                       0x000013ac   Section        0  plz_work.o(.text.FTM3_IRQHandler)
    __arm_cp.0_0                             0x0000141c   Number         4  plz_work.o(.text.FTM3_IRQHandler)
    __arm_cp.0_1                             0x00001420   Number         4  plz_work.o(.text.FTM3_IRQHandler)
    [Anonymous Symbol]                       0x00001424   Section        0  fsl_ftm.o(.text.FTM_ClearStatusFlags)
    [Anonymous Symbol]                       0x00001458   Section        0  fsl_ftm.o(.text.FTM_EnableInterrupts)
    [Anonymous Symbol]                       0x0000148c   Section        0  fsl_ftm.o(.text.FTM_GetDefaultConfig)
    __arm_cp.3_0                             0x000014bc   Number         4  fsl_ftm.o(.text.FTM_GetDefaultConfig)
    FTM_GetInstance                          0x000014d1   Thumb Code    84  fsl_ftm.o(.text.FTM_GetInstance)
    [Anonymous Symbol]                       0x000014d0   Section        0  fsl_ftm.o(.text.FTM_GetInstance)
    __arm_cp.1_0                             0x000014f4   Number         4  fsl_ftm.o(.text.FTM_GetInstance)
    s_ftmBases                               0x00001514   Number         0  fsl_ftm.o(.text.FTM_GetInstance)
    [Anonymous Symbol]                       0x00001524   Section        0  fsl_ftm.o(.text.FTM_GetStatusFlags)
    [Anonymous Symbol]                       0x0000154c   Section        0  fsl_ftm.o(.text.FTM_Init)
    __arm_cp.0_0                             0x0000172c   Number         4  fsl_ftm.o(.text.FTM_Init)
    __arm_cp.0_1                             0x00001730   Number         4  fsl_ftm.o(.text.FTM_Init)
    __arm_cp.0_2                             0x00001734   Number         4  fsl_ftm.o(.text.FTM_Init)
    __arm_cp.0_3                             0x00001738   Number         4  fsl_ftm.o(.text.FTM_Init)
    __arm_cp.0_4                             0x0000173c   Number         4  fsl_ftm.o(.text.FTM_Init)
    __arm_cp.0_5                             0x00001740   Number         4  fsl_ftm.o(.text.FTM_Init)
    [Anonymous Symbol]                       0x0000175c   Section        0  fsl_ftm.o(.text.FTM_SetupPwm)
    __arm_cp.4_0                             0x00001978   Number         4  fsl_ftm.o(.text.FTM_SetupPwm)
    __arm_cp.4_1                             0x0000197c   Number         4  fsl_ftm.o(.text.FTM_SetupPwm)
    __arm_cp.4_2                             0x00001980   Number         4  fsl_ftm.o(.text.FTM_SetupPwm)
    __arm_cp.4_3                             0x00001984   Number         4  fsl_ftm.o(.text.FTM_SetupPwm)
    __arm_cp.4_4                             0x00001988   Number         4  fsl_ftm.o(.text.FTM_SetupPwm)
    [Anonymous Symbol]                       0x000019dc   Section        0  fsl_ftm.o(.text.FTM_UpdatePwmDutycycle)
    __arm_cp.5_0                             0x00001a6c   Number         4  fsl_ftm.o(.text.FTM_UpdatePwmDutycycle)
    __arm_cp.5_1                             0x00001a70   Number         4  fsl_ftm.o(.text.FTM_UpdatePwmDutycycle)
    __arm_cp.5_2                             0x00001a74   Number         4  fsl_ftm.o(.text.FTM_UpdatePwmDutycycle)
    __arm_cp.5_3                             0x00001a78   Number         4  fsl_ftm.o(.text.FTM_UpdatePwmDutycycle)
    __arm_cp.5_4                             0x00001a7c   Number         4  fsl_ftm.o(.text.FTM_UpdatePwmDutycycle)
    [Anonymous Symbol]                       0x00001a80   Section        0  uart_adapter.o(.text.HAL_UartSendBlocking)
    __arm_cp.3_0                             0x00001abc   Number         4  uart_adapter.o(.text.HAL_UartSendBlocking)
    __arm_cp.3_2                             0x00001ac0   Number         4  uart_adapter.o(.text.HAL_UartSendBlocking)
    __arm_cp.3_3                             0x00001ac4   Number         4  uart_adapter.o(.text.HAL_UartSendBlocking)
    [Anonymous Symbol]                       0x00001ac8   Section        0  fsl_lpuart.o(.text.LPUART0_DriverIRQHandler)
    __arm_cp.25_0                            0x00001adc   Number         4  fsl_lpuart.o(.text.LPUART0_DriverIRQHandler)
    __arm_cp.25_1                            0x00001ae0   Number         4  fsl_lpuart.o(.text.LPUART0_DriverIRQHandler)
    __arm_cp.25_2                            0x00001ae4   Number         4  fsl_lpuart.o(.text.LPUART0_DriverIRQHandler)
    [Anonymous Symbol]                       0x00001ae8   Section        0  fsl_dspi.o(.text.SPI0_DriverIRQHandler)
    __arm_cp.33_0                            0x00001b00   Number         4  fsl_dspi.o(.text.SPI0_DriverIRQHandler)
    __arm_cp.33_1                            0x00001b04   Number         4  fsl_dspi.o(.text.SPI0_DriverIRQHandler)
    __arm_cp.33_2                            0x00001b08   Number         4  fsl_dspi.o(.text.SPI0_DriverIRQHandler)
    [Anonymous Symbol]                       0x00001b24   Section        0  fsl_dspi.o(.text.SPI1_DriverIRQHandler)
    __arm_cp.35_0                            0x00001b3c   Number         4  fsl_dspi.o(.text.SPI1_DriverIRQHandler)
    __arm_cp.35_1                            0x00001b40   Number         4  fsl_dspi.o(.text.SPI1_DriverIRQHandler)
    __arm_cp.35_2                            0x00001b44   Number         4  fsl_dspi.o(.text.SPI1_DriverIRQHandler)
    [Anonymous Symbol]                       0x00001b60   Section        0  serial_manager.o(.text.SerialManager_WriteBlocking)
    __arm_cp.6_0                             0x00001bac   Number         4  serial_manager.o(.text.SerialManager_WriteBlocking)
    __arm_cp.6_1                             0x00001bb0   Number         4  serial_manager.o(.text.SerialManager_WriteBlocking)
    __arm_cp.6_4                             0x00001bb4   Number         4  serial_manager.o(.text.SerialManager_WriteBlocking)
    [Anonymous Symbol]                       0x00001bb8   Section        0  serial_port_uart.o(.text.Serial_UartWrite)
    __arm_cp.2_0                             0x00001be8   Number         4  serial_port_uart.o(.text.Serial_UartWrite)
    __arm_cp.2_1                             0x00001bec   Number         4  serial_port_uart.o(.text.Serial_UartWrite)
    __arm_cp.2_2                             0x00001bf0   Number         4  serial_port_uart.o(.text.Serial_UartWrite)
    __arm_cp.2_3                             0x00001bf4   Number         4  serial_port_uart.o(.text.Serial_UartWrite)
    [Anonymous Symbol]                       0x00001bf8   Section        0  fsl_str.o(.text.StrFormatPrintf)
    __arm_cp.0_0                             0x00001e00   Number         4  fsl_str.o(.text.StrFormatPrintf)
    [Anonymous Symbol]                       0x00001e04   Section        0  system_mkv31f51212.o(.text.SystemInit)
    __arm_cp.0_0                             0x00001e28   Number         4  system_mkv31f51212.o(.text.SystemInit)
    __arm_cp.0_1                             0x00001e2c   Number         4  system_mkv31f51212.o(.text.SystemInit)
    [Anonymous Symbol]                       0x00001e30   Section        0  system_mkv31f51212.o(.text.SystemInitHook)
    [Anonymous Symbol]                       0x00001e34   Section        0  fsl_uart.o(.text.UART0_RX_TX_DriverIRQHandler)
    __arm_cp.29_2                            0x00001e4c   Number         4  fsl_uart.o(.text.UART0_RX_TX_DriverIRQHandler)
    [Anonymous Symbol]                       0x00001e50   Section        0  fsl_uart.o(.text.UART1_RX_TX_DriverIRQHandler)
    __arm_cp.31_2                            0x00001e68   Number         4  fsl_uart.o(.text.UART1_RX_TX_DriverIRQHandler)
    [Anonymous Symbol]                       0x00001e6c   Section        0  fsl_uart.o(.text.UART2_RX_TX_DriverIRQHandler)
    __arm_cp.33_0                            0x00001e84   Number         4  fsl_uart.o(.text.UART2_RX_TX_DriverIRQHandler)
    __arm_cp.33_1                            0x00001e88   Number         4  fsl_uart.o(.text.UART2_RX_TX_DriverIRQHandler)
    __arm_cp.33_2                            0x00001e8c   Number         4  fsl_uart.o(.text.UART2_RX_TX_DriverIRQHandler)
    [Anonymous Symbol]                       0x00001e90   Section        0  fsl_uart.o(.text.UART_WriteBlocking)
    [Anonymous Symbol]                       0x00001eb0   Section        0  fsl_assert.o(.text.__aeabi_assert)
    [Anonymous Symbol]                       0x00001ef0   Section        0  plz_work.o(.text.main)
    __arm_cp.2_0                             0x00002008   Number         4  plz_work.o(.text.main)
    __arm_cp.2_1                             0x0000200c   Number         4  plz_work.o(.text.main)
    __arm_cp.2_2                             0x00002010   Number         4  plz_work.o(.text.main)
    __arm_cp.2_3                             0x00002014   Number         4  plz_work.o(.text.main)
    __arm_cp.2_6                             0x00002018   Number         4  plz_work.o(.text.main)
    __arm_cp.2_7                             0x0000201c   Number         4  plz_work.o(.text.main)
    i.__ARM_fpclassify                       0x00002020   Section        0  fpclassify.o(i.__ARM_fpclassify)
    i.__hardfp_sin                           0x00002050   Section        0  sin.o(i.__hardfp_sin)
    i.__ieee754_rem_pio2                     0x00002118   Section        0  rred.o(i.__ieee754_rem_pio2)
    i.__kernel_cos                           0x00002550   Section        0  cos_i.o(i.__kernel_cos)
    i.__kernel_poly                          0x000026c0   Section        0  poly.o(i.__kernel_poly)
    i.__kernel_sin                           0x000027b8   Section        0  sin_i.o(i.__kernel_sin)
    i.__mathlib_dbl_infnan                   0x000028e8   Section        0  dunder.o(i.__mathlib_dbl_infnan)
    i.__mathlib_dbl_invalid                  0x00002900   Section        0  dunder.o(i.__mathlib_dbl_invalid)
    i.__mathlib_dbl_underflow                0x00002920   Section        0  dunder.o(i.__mathlib_dbl_underflow)
    i.fabs                                   0x00002940   Section        0  fabs.o(i.fabs)
    $v0                                      0x00002958   Number         0  basic.o(x$fpl$basic)
    x$fpl$basic                              0x00002958   Section       24  basic.o(x$fpl$basic)
    $v0                                      0x00002970   Number         0  d2f.o(x$fpl$d2f)
    x$fpl$d2f                                0x00002970   Section       98  d2f.o(x$fpl$d2f)
    $v0                                      0x000029d4   Number         0  daddsub_clz.o(x$fpl$dadd)
    x$fpl$dadd                               0x000029d4   Section      336  daddsub_clz.o(x$fpl$dadd)
    _dadd1                                   0x000029e5   Thumb Code     0  daddsub_clz.o(x$fpl$dadd)
    $v0                                      0x00002b24   Number         0  ddiv.o(x$fpl$ddiv)
    x$fpl$ddiv                               0x00002b24   Section      688  ddiv.o(x$fpl$ddiv)
    ddiv_entry                               0x00002b2b   Thumb Code     0  ddiv.o(x$fpl$ddiv)
    $v0                                      0x00002dd4   Number         0  dfix.o(x$fpl$dfix)
    x$fpl$dfix                               0x00002dd4   Section       94  dfix.o(x$fpl$dfix)
    $v0                                      0x00002e32   Number         0  dflt_clz.o(x$fpl$dflt)
    x$fpl$dflt                               0x00002e32   Section       46  dflt_clz.o(x$fpl$dflt)
    $v0                                      0x00002e60   Number         0  dflt_clz.o(x$fpl$dfltu)
    x$fpl$dfltu                              0x00002e60   Section       38  dflt_clz.o(x$fpl$dfltu)
    $v0                                      0x00002e88   Number         0  dmul.o(x$fpl$dmul)
    x$fpl$dmul                               0x00002e88   Section      340  dmul.o(x$fpl$dmul)
    $v0                                      0x00002fdc   Number         0  dnaninf.o(x$fpl$dnaninf)
    x$fpl$dnaninf                            0x00002fdc   Section      156  dnaninf.o(x$fpl$dnaninf)
    $v0                                      0x00003078   Number         0  dretinf.o(x$fpl$dretinf)
    x$fpl$dretinf                            0x00003078   Section       12  dretinf.o(x$fpl$dretinf)
    $v0                                      0x00003084   Number         0  daddsub_clz.o(x$fpl$drsb)
    x$fpl$drsb                               0x00003084   Section       22  daddsub_clz.o(x$fpl$drsb)
    $v0                                      0x0000309c   Number         0  daddsub_clz.o(x$fpl$dsub)
    x$fpl$dsub                               0x0000309c   Section      468  daddsub_clz.o(x$fpl$dsub)
    _dsub1                                   0x000030ad   Thumb Code     0  daddsub_clz.o(x$fpl$dsub)
    $v0                                      0x00003270   Number         0  f2d.o(x$fpl$f2d)
    x$fpl$f2d                                0x00003270   Section       86  f2d.o(x$fpl$f2d)
    $v0                                      0x000032c6   Number         0  fnaninf.o(x$fpl$fnaninf)
    x$fpl$fnaninf                            0x000032c6   Section      140  fnaninf.o(x$fpl$fnaninf)
    $v0                                      0x00003352   Number         0  fpinit.o(x$fpl$fpinit)
    x$fpl$fpinit                             0x00003352   Section       26  fpinit.o(x$fpl$fpinit)
    $v0                                      0x0000336c   Number         0  fretinf.o(x$fpl$fretinf)
    x$fpl$fretinf                            0x0000336c   Section       10  fretinf.o(x$fpl$fretinf)
    x$fpl$usenofp                            0x00003376   Section        0  usenofp.o(x$fpl$usenofp)
    C                                        0x00003378   Data          48  cos_i.o(.constdata)
    .constdata                               0x00003378   Section       48  cos_i.o(.constdata)
    pio2s                                    0x000033a8   Data          48  rred.o(.constdata)
    .constdata                               0x000033a8   Section      200  rred.o(.constdata)
    twooverpi                                0x000033d8   Data         152  rred.o(.constdata)
    S                                        0x00003470   Data          40  sin_i.o(.constdata)
    .constdata                               0x00003470   Section       40  sin_i.o(.constdata)
    s_ftmClocks                              0x00003498   Data          16  fsl_ftm.o(.rodata.cst16)
    s_UartAdapterBase                        0x000034bc   Data          12  uart_adapter.o(.rodata.s_UartAdapterBase)
    [Anonymous Symbol]                       0x000034bc   Section        0  uart_adapter.o(.rodata.s_UartAdapterBase)
    .L.str.1                                 0x000034d0   Data          40  fsl_clock.o(.rodata.str1.1)
    [Anonymous Symbol]                       0x000034d0   Section        0  fsl_clock.o(.rodata.str1.1)
    .L.str.4                                 0x000034f8   Data           7  fsl_clock.o(.rodata.str1.1)
    .L.str                                   0x000034ff   Data          12  fsl_clock.o(.rodata.str1.1)
    .L.str.1                                 0x0000350b   Data          39  fsl_dspi.o(.rodata.str1.1)
    [Anonymous Symbol]                       0x0000350b   Section        0  fsl_dspi.o(.rodata.str1.1)
    .L.str.2                                 0x00003532   Data          21  fsl_dspi.o(.rodata.str1.1)
    .L.str.6                                 0x00003532   Data          15  fsl_dspi.o(.rodata.str1.1)
    .L.str                                   0x0000353a   Data           7  fsl_dspi.o(.rodata.str1.1)
    .L.str.4                                 0x0000353a   Data           7  fsl_dspi.o(.rodata.str1.1)
    .L.str                                   0x00003541   Data          52  fsl_edma.o(.rodata.str1.1)
    .L.str.7                                 0x00003541   Data          15  fsl_edma.o(.rodata.str1.1)
    [Anonymous Symbol]                       0x00003541   Section        0  fsl_edma.o(.rodata.str1.1)
    .L.str.3                                 0x00003547   Data           6  fsl_dspi.o(.rodata.str1.1)
    .L.str.4                                 0x0000354d   Data          20  fsl_dspi.o(.rodata.str1.1)
    .L.str.1                                 0x00003550   Data          39  fsl_edma.o(.rodata.str1.1)
    .L.str.5                                 0x00003561   Data          16  fsl_dspi.o(.rodata.str1.1)
    .L.str.7                                 0x00003577   Data          43  fsl_ftm.o(.rodata.str1.1)
    [Anonymous Symbol]                       0x00003577   Section        0  fsl_ftm.o(.rodata.str1.1)
    .L.str.7                                 0x00003580   Data          17  fsl_dspi.o(.rodata.str1.1)
    .L.str.8                                 0x00003591   Data          13  fsl_dspi.o(.rodata.str1.1)
    .L.str.2                                 0x0000359c   Data          12  fsl_edma.o(.rodata.str1.1)
    .L.str.1                                 0x000035a2   Data          38  fsl_ftm.o(.rodata.str1.1)
    .L.str.3                                 0x000035a8   Data          30  fsl_edma.o(.rodata.str1.1)
    .L.str.4                                 0x000035c6   Data          15  fsl_edma.o(.rodata.str1.1)
    .L.str.5                                 0x000035c8   Data           5  uart_adapter.o(.rodata.str1.1)
    [Anonymous Symbol]                       0x000035c8   Section        0  uart_adapter.o(.rodata.str1.1)
    .L.str.1                                 0x000035cd   Data          31  uart_adapter.o(.rodata.str1.1)
    .L.str.5                                 0x000035d5   Data          34  fsl_edma.o(.rodata.str1.1)
    .L.str.4                                 0x000035ec   Data           7  uart_adapter.o(.rodata.str1.1)
    .L.str.6                                 0x000035ec   Data           7  uart_adapter.o(.rodata.str1.1)
    .L.str.8                                 0x000035ec   Data           7  uart_adapter.o(.rodata.str1.1)
    .L.str.3                                 0x000035ee   Data          69  uart_adapter.o(.rodata.str1.1)
    .L.str.1                                 0x000035f3   Data          43  serial_manager.o(.rodata.str1.1)
    [Anonymous Symbol]                       0x000035f3   Section        0  serial_manager.o(.rodata.str1.1)
    .L.str.6                                 0x000035f7   Data          58  fsl_edma.o(.rodata.str1.1)
    .L.str.2                                 0x0000361e   Data          13  serial_manager.o(.rodata.str1.1)
    .L.str.3                                 0x0000361e   Data          12  serial_manager.o(.rodata.str1.1)
    .L.str.3                                 0x0000362a   Data           7  serial_manager.o(.rodata.str1.1)
    .L.str.7                                 0x0000362a   Data           7  serial_manager.o(.rodata.str1.1)
    .L.str.1                                 0x00003631   Data          45  serial_port_uart.o(.rodata.str1.1)
    [Anonymous Symbol]                       0x00003631   Section        0  serial_port_uart.o(.rodata.str1.1)
    .L.str.5                                 0x0000363e   Data          11  serial_manager.o(.rodata.str1.1)
    .L.str.11                                0x00003640   Data         119  fsl_edma.o(.rodata.str1.1)
    .L.str.2                                 0x0000365e   Data          13  serial_port_uart.o(.rodata.str1.1)
    .L.str.1                                 0x0000366b   Data          64  fsl_debug_console.o(.rodata.str1.1)
    [Anonymous Symbol]                       0x0000366b   Section        0  fsl_debug_console.o(.rodata.str1.1)
    .L.str.2                                 0x000036ab   Data          10  fsl_debug_console.o(.rodata.str1.1)
    .L.str                                   0x000036b5   Data          11  fsl_debug_console.o(.rodata.str1.1)
    .L.str.12                                0x000036b7   Data         125  fsl_edma.o(.rodata.str1.1)
    .L.str.5                                 0x000036c0   Data          40  fsl_debug_console.o(.rodata.str1.1)
    .L.str.14                                0x00003734   Data           6  fsl_edma.o(.rodata.str1.1)
    s_slowIrcFreq                            0x20000000   Data           4  fsl_clock.o(.data..L_MergedGlobals)
    [Anonymous Symbol]                       0x20000000   Section        0  fsl_clock.o(.data..L_MergedGlobals)
    s_fastIrcFreq                            0x20000004   Data           4  fsl_clock.o(.data..L_MergedGlobals)
    s_lpuartIsr                              0x2000000c   Data           4  fsl_lpuart.o(.data.s_lpuartIsr)
    [Anonymous Symbol]                       0x2000000c   Section        0  fsl_lpuart.o(.data.s_lpuartIsr)
    s_uartIsr                                0x20000010   Data           4  fsl_uart.o(.data.s_uartIsr)
    [Anonymous Symbol]                       0x20000010   Section        0  fsl_uart.o(.data.s_uartIsr)
    .bss                                     0x20000014   Section       96  libspace.o(.bss)
    [Anonymous Symbol]                       0x20000074   Section        0  plz_work.o(.bss..L_MergedGlobals)
    [Anonymous Symbol]                       0x20000080   Section        0  fsl_debug_console.o(.bss..L_MergedGlobals)
    s_debugConsoleState                      0x20000084   Data          28  fsl_debug_console.o(.bss..L_MergedGlobals)
    [Anonymous Symbol]                       0x200000a0   Section        0  fsl_clock.o(.bss..L_MergedGlobals.8)
    g_dspiHandle                             0x20000174   Data           8  fsl_dspi.o(.bss.g_dspiHandle)
    [Anonymous Symbol]                       0x20000174   Section        0  fsl_dspi.o(.bss.g_dspiHandle)
    s_EDMAHandle                             0x2000017c   Data          64  fsl_edma.o(.bss.s_EDMAHandle)
    [Anonymous Symbol]                       0x2000017c   Section        0  fsl_edma.o(.bss.s_EDMAHandle)
    s_lpuartHandle                           0x200001bc   Data           4  fsl_lpuart.o(.bss.s_lpuartHandle)
    [Anonymous Symbol]                       0x200001bc   Section        0  fsl_lpuart.o(.bss.s_lpuartHandle)
    s_uartHandle                             0x200001c0   Data          12  fsl_uart.o(.bss.s_uartHandle)
    [Anonymous Symbol]                       0x200001c0   Section        0  fsl_uart.o(.bss.s_uartHandle)
    VTOR                                     0xe000ed08   Number         0  startup_mkv31f51212.o ABSOLUTE

    Global Symbols

    Symbol Name                              Value     Ov Type        Size  Object(Section)

    BuildAttributes$$THM_ISAv4$E$P$D$K$B$S$7EM$VFPi3$EXTD16$VFPS$VFMA$PE$A:L22UL41UL21$X:L11$S22US41US21$IEEE1$IW$USESV6$~STKCKD$USESV7$~SHL$OTIME$ROPI$IEEEX$EBA8$UX$STANDARDLIB$REQ8$PRES8$EABIv2 0x00000000   Number         0  anon$$obj.o ABSOLUTE
    __Vectors                                0x00000000   Number      1024  startup_mkv31f51212.o(.isr_vector)
    Image$$ZI$$Limit                          - Undefined Weak Reference
    __ARM_exceptions_init                     - Undefined Weak Reference
    __alloca_initialize                       - Undefined Weak Reference
    __arm_preinit_                            - Undefined Weak Reference
    __cpp_initialize__aeabi_                  - Undefined Weak Reference
    __cxa_finalize                            - Undefined Weak Reference
    __rt_locale                               - Undefined Weak Reference
    __sigvec_lookup                           - Undefined Weak Reference
    __user_heap_extent                        - Undefined Weak Reference
    _atexit_init                              - Undefined Weak Reference
    _call_atexit_fns                          - Undefined Weak Reference
    _clock_init                               - Undefined Weak Reference
    _fp_trap_init                             - Undefined Weak Reference
    _fp_trap_shutdown                         - Undefined Weak Reference
    _get_lc_collate                           - Undefined Weak Reference
    _get_lc_ctype                             - Undefined Weak Reference
    _get_lc_monetary                          - Undefined Weak Reference
    _get_lc_numeric                           - Undefined Weak Reference
    _get_lc_time                              - Undefined Weak Reference
    _getenv_init                              - Undefined Weak Reference
    _handle_redirection                       - Undefined Weak Reference
    _initio                                   - Undefined Weak Reference
    _mutex_acquire                            - Undefined Weak Reference
    _mutex_free                               - Undefined Weak Reference
    _mutex_release                            - Undefined Weak Reference
    _rand_init                                - Undefined Weak Reference
    _signal_finish                            - Undefined Weak Reference
    _signal_init                              - Undefined Weak Reference
    _terminateio                              - Undefined Weak Reference
    __main                                   0x00000411   Thumb Code     8  __main.o(!!!main)
    __scatterload                            0x00000419   Thumb Code     0  __scatter.o(!!!scatter)
    __scatterload_rt2                        0x00000419   Thumb Code    44  __scatter.o(!!!scatter)
    __scatterload_rt2_thumb_only             0x00000419   Thumb Code     0  __scatter.o(!!!scatter)
    __scatterload_null                       0x00000427   Thumb Code     0  __scatter.o(!!!scatter)
    __scatterload_copy                       0x0000044d   Thumb Code    26  __scatter_copy.o(!!handler_copy)
    __scatterload_zeroinit                   0x00000469   Thumb Code    28  __scatter_zi.o(!!handler_zi)
    __rt_lib_init                            0x00000485   Thumb Code     0  libinit.o(.ARM.Collect$$libinit$$00000000)
    __rt_lib_init_fp_1                       0x00000487   Thumb Code     0  libinit2.o(.ARM.Collect$$libinit$$00000001)
    __rt_lib_init_alloca_1                   0x0000048b   Thumb Code     0  libinit2.o(.ARM.Collect$$libinit$$0000002E)
    __rt_lib_init_argv_1                     0x0000048b   Thumb Code     0  libinit2.o(.ARM.Collect$$libinit$$0000002C)
    __rt_lib_init_atexit_1                   0x0000048b   Thumb Code     0  libinit2.o(.ARM.Collect$$libinit$$0000001B)
    __rt_lib_init_clock_1                    0x0000048b   Thumb Code     0  libinit2.o(.ARM.Collect$$libinit$$00000021)
    __rt_lib_init_cpp_1                      0x0000048b   Thumb Code     0  libinit2.o(.ARM.Collect$$libinit$$00000032)
    __rt_lib_init_exceptions_1               0x0000048b   Thumb Code     0  libinit2.o(.ARM.Collect$$libinit$$00000030)
    __rt_lib_init_fp_trap_1                  0x0000048b   Thumb Code     0  libinit2.o(.ARM.Collect$$libinit$$0000001F)
    __rt_lib_init_getenv_1                   0x0000048b   Thumb Code     0  libinit2.o(.ARM.Collect$$libinit$$00000023)
    __rt_lib_init_heap_1                     0x0000048b   Thumb Code     0  libinit2.o(.ARM.Collect$$libinit$$0000000A)
    __rt_lib_init_lc_collate_1               0x0000048b   Thumb Code     0  libinit2.o(.ARM.Collect$$libinit$$00000011)
    __rt_lib_init_lc_ctype_1                 0x0000048b   Thumb Code     0  libinit2.o(.ARM.Collect$$libinit$$00000013)
    __rt_lib_init_lc_monetary_1              0x0000048b   Thumb Code     0  libinit2.o(.ARM.Collect$$libinit$$00000015)
    __rt_lib_init_lc_numeric_1               0x0000048b   Thumb Code     0  libinit2.o(.ARM.Collect$$libinit$$00000017)
    __rt_lib_init_lc_time_1                  0x0000048b   Thumb Code     0  libinit2.o(.ARM.Collect$$libinit$$00000019)
    __rt_lib_init_preinit_1                  0x0000048b   Thumb Code     0  libinit2.o(.ARM.Collect$$libinit$$00000004)
    __rt_lib_init_rand_1                     0x0000048b   Thumb Code     0  libinit2.o(.ARM.Collect$$libinit$$0000000E)
    __rt_lib_init_return                     0x0000048b   Thumb Code     0  libinit2.o(.ARM.Collect$$libinit$$00000033)
    __rt_lib_init_signal_1                   0x0000048b   Thumb Code     0  libinit2.o(.ARM.Collect$$libinit$$0000001D)
    __rt_lib_init_stdio_1                    0x0000048b   Thumb Code     0  libinit2.o(.ARM.Collect$$libinit$$00000025)
    __rt_lib_init_user_alloc_1               0x0000048b   Thumb Code     0  libinit2.o(.ARM.Collect$$libinit$$0000000C)
    __rt_lib_shutdown                        0x0000048d   Thumb Code     0  libshutdown.o(.ARM.Collect$$libshutdown$$00000000)
    __rt_lib_shutdown_cpp_1                  0x0000048f   Thumb Code     0  libshutdown2.o(.ARM.Collect$$libshutdown$$00000002)
    __rt_lib_shutdown_fp_trap_1              0x0000048f   Thumb Code     0  libshutdown2.o(.ARM.Collect$$libshutdown$$00000007)
    __rt_lib_shutdown_heap_1                 0x0000048f   Thumb Code     0  libshutdown2.o(.ARM.Collect$$libshutdown$$0000000F)
    __rt_lib_shutdown_return                 0x0000048f   Thumb Code     0  libshutdown2.o(.ARM.Collect$$libshutdown$$00000010)
    __rt_lib_shutdown_signal_1               0x0000048f   Thumb Code     0  libshutdown2.o(.ARM.Collect$$libshutdown$$0000000A)
    __rt_lib_shutdown_stdio_1                0x0000048f   Thumb Code     0  libshutdown2.o(.ARM.Collect$$libshutdown$$00000004)
    __rt_lib_shutdown_user_alloc_1           0x0000048f   Thumb Code     0  libshutdown2.o(.ARM.Collect$$libshutdown$$0000000C)
    __rt_entry                               0x00000491   Thumb Code     0  __rtentry.o(.ARM.Collect$$rtentry$$00000000)
    __rt_entry_presh_1                       0x00000491   Thumb Code     0  __rtentry2.o(.ARM.Collect$$rtentry$$00000002)
    __rt_entry_sh                            0x00000491   Thumb Code     0  __rtentry7.o(.ARM.Collect$$rtentry$$00000007)
    __rt_entry_li                            0x00000495   Thumb Code     0  __rtentry2.o(.ARM.Collect$$rtentry$$0000000A)
    __rt_entry_postsh_1                      0x00000495   Thumb Code     0  __rtentry2.o(.ARM.Collect$$rtentry$$00000009)
    __rt_entry_main                          0x00000499   Thumb Code     0  __rtentry2.o(.ARM.Collect$$rtentry$$0000000D)
    __rt_entry_postli_1                      0x00000499   Thumb Code     0  __rtentry2.o(.ARM.Collect$$rtentry$$0000000C)
    __rt_exit                                0x000004a5   Thumb Code     0  rtexit.o(.ARM.Collect$$rtexit$$00000000)
    __rt_exit_ls                             0x000004a7   Thumb Code     0  rtexit2.o(.ARM.Collect$$rtexit$$00000003)
    __rt_exit_prels_1                        0x000004a7   Thumb Code     0  rtexit2.o(.ARM.Collect$$rtexit$$00000002)
    __rt_exit_exit                           0x000004ab   Thumb Code     0  rtexit2.o(.ARM.Collect$$rtexit$$00000004)
    Reset_Handler                            0x000004b1   Thumb Code    40  startup_mkv31f51212.o(.text)
    ADC0_IRQHandler                          0x000004d9   Thumb Code     4  startup_mkv31f51212.o(.text)
    ADC1_IRQHandler                          0x000004d9   Thumb Code     4  startup_mkv31f51212.o(.text)
    BusFault_Handler                         0x000004d9   Thumb Code     4  startup_mkv31f51212.o(.text)
    CMP0_IRQHandler                          0x000004d9   Thumb Code     4  startup_mkv31f51212.o(.text)
    CMP1_IRQHandler                          0x000004d9   Thumb Code     4  startup_mkv31f51212.o(.text)
    DAC0_IRQHandler                          0x000004d9   Thumb Code     4  startup_mkv31f51212.o(.text)
    DAC1_IRQHandler                          0x000004d9   Thumb Code     4  startup_mkv31f51212.o(.text)
    DMA_Error_DriverIRQHandler               0x000004d9   Thumb Code     4  startup_mkv31f51212.o(.text)
    DebugMon_Handler                         0x000004d9   Thumb Code     4  startup_mkv31f51212.o(.text)
    DefaultISR                               0x000004d9   Thumb Code     4  startup_mkv31f51212.o(.text)
    FTF_IRQHandler                           0x000004d9   Thumb Code     4  startup_mkv31f51212.o(.text)
    FTM0_IRQHandler                          0x000004d9   Thumb Code     4  startup_mkv31f51212.o(.text)
    FTM1_IRQHandler                          0x000004d9   Thumb Code     4  startup_mkv31f51212.o(.text)
    FTM2_IRQHandler                          0x000004d9   Thumb Code     4  startup_mkv31f51212.o(.text)
    I2C0_DriverIRQHandler                    0x000004d9   Thumb Code     4  startup_mkv31f51212.o(.text)
    I2C1_DriverIRQHandler                    0x000004d9   Thumb Code     4  startup_mkv31f51212.o(.text)
    LLWU_IRQHandler                          0x000004d9   Thumb Code     4  startup_mkv31f51212.o(.text)
    LPTMR0_IRQHandler                        0x000004d9   Thumb Code     4  startup_mkv31f51212.o(.text)
    LVD_LVW_IRQHandler                       0x000004d9   Thumb Code     4  startup_mkv31f51212.o(.text)
    MCG_IRQHandler                           0x000004d9   Thumb Code     4  startup_mkv31f51212.o(.text)
    MCM_IRQHandler                           0x000004d9   Thumb Code     4  startup_mkv31f51212.o(.text)
    MemManage_Handler                        0x000004d9   Thumb Code     4  startup_mkv31f51212.o(.text)
    PDB0_IRQHandler                          0x000004d9   Thumb Code     4  startup_mkv31f51212.o(.text)
    PIT0_IRQHandler                          0x000004d9   Thumb Code     4  startup_mkv31f51212.o(.text)
    PIT1_IRQHandler                          0x000004d9   Thumb Code     4  startup_mkv31f51212.o(.text)
    PIT2_IRQHandler                          0x000004d9   Thumb Code     4  startup_mkv31f51212.o(.text)
    PIT3_IRQHandler                          0x000004d9   Thumb Code     4  startup_mkv31f51212.o(.text)
    PORTA_IRQHandler                         0x000004d9   Thumb Code     4  startup_mkv31f51212.o(.text)
    PORTB_IRQHandler                         0x000004d9   Thumb Code     4  startup_mkv31f51212.o(.text)
    PORTC_IRQHandler                         0x000004d9   Thumb Code     4  startup_mkv31f51212.o(.text)
    PORTD_IRQHandler                         0x000004d9   Thumb Code     4  startup_mkv31f51212.o(.text)
    PORTE_IRQHandler                         0x000004d9   Thumb Code     4  startup_mkv31f51212.o(.text)
    RNG_IRQHandler                           0x000004d9   Thumb Code     4  startup_mkv31f51212.o(.text)
    Read_Collision_IRQHandler                0x000004d9   Thumb Code     4  startup_mkv31f51212.o(.text)
    Reserved100_IRQHandler                   0x000004d9   Thumb Code     4  startup_mkv31f51212.o(.text)
    Reserved101_IRQHandler                   0x000004d9   Thumb Code     4  startup_mkv31f51212.o(.text)
    Reserved44_IRQHandler                    0x000004d9   Thumb Code     4  startup_mkv31f51212.o(.text)
    Reserved45_IRQHandler                    0x000004d9   Thumb Code     4  startup_mkv31f51212.o(.text)
    Reserved53_IRQHandler                    0x000004d9   Thumb Code     4  startup_mkv31f51212.o(.text)
    Reserved54_IRQHandler                    0x000004d9   Thumb Code     4  startup_mkv31f51212.o(.text)
    Reserved61_IRQHandler                    0x000004d9   Thumb Code     4  startup_mkv31f51212.o(.text)
    Reserved62_IRQHandler                    0x000004d9   Thumb Code     4  startup_mkv31f51212.o(.text)
    Reserved63_IRQHandler                    0x000004d9   Thumb Code     4  startup_mkv31f51212.o(.text)
    Reserved69_IRQHandler                    0x000004d9   Thumb Code     4  startup_mkv31f51212.o(.text)
    Reserved70_IRQHandler                    0x000004d9   Thumb Code     4  startup_mkv31f51212.o(.text)
    Reserved71_IRQHandler                    0x000004d9   Thumb Code     4  startup_mkv31f51212.o(.text)
    Reserved81_IRQHandler                    0x000004d9   Thumb Code     4  startup_mkv31f51212.o(.text)
    Reserved82_IRQHandler                    0x000004d9   Thumb Code     4  startup_mkv31f51212.o(.text)
    Reserved83_IRQHandler                    0x000004d9   Thumb Code     4  startup_mkv31f51212.o(.text)
    Reserved84_IRQHandler                    0x000004d9   Thumb Code     4  startup_mkv31f51212.o(.text)
    Reserved85_IRQHandler                    0x000004d9   Thumb Code     4  startup_mkv31f51212.o(.text)
    Reserved86_IRQHandler                    0x000004d9   Thumb Code     4  startup_mkv31f51212.o(.text)
    Reserved90_IRQHandler                    0x000004d9   Thumb Code     4  startup_mkv31f51212.o(.text)
    Reserved91_IRQHandler                    0x000004d9   Thumb Code     4  startup_mkv31f51212.o(.text)
    Reserved92_IRQHandler                    0x000004d9   Thumb Code     4  startup_mkv31f51212.o(.text)
    Reserved93_IRQHandler                    0x000004d9   Thumb Code     4  startup_mkv31f51212.o(.text)
    Reserved94_IRQHandler                    0x000004d9   Thumb Code     4  startup_mkv31f51212.o(.text)
    Reserved95_IRQHandler                    0x000004d9   Thumb Code     4  startup_mkv31f51212.o(.text)
    Reserved96_IRQHandler                    0x000004d9   Thumb Code     4  startup_mkv31f51212.o(.text)
    Reserved97_IRQHandler                    0x000004d9   Thumb Code     4  startup_mkv31f51212.o(.text)
    Reserved98_IRQHandler                    0x000004d9   Thumb Code     4  startup_mkv31f51212.o(.text)
    Reserved99_IRQHandler                    0x000004d9   Thumb Code     4  startup_mkv31f51212.o(.text)
    SWI_IRQHandler                           0x000004d9   Thumb Code     4  startup_mkv31f51212.o(.text)
    UART0_ERR_DriverIRQHandler               0x000004d9   Thumb Code     4  startup_mkv31f51212.o(.text)
    UART1_ERR_DriverIRQHandler               0x000004d9   Thumb Code     4  startup_mkv31f51212.o(.text)
    UART2_ERR_DriverIRQHandler               0x000004d9   Thumb Code     4  startup_mkv31f51212.o(.text)
    UsageFault_Handler                       0x000004d9   Thumb Code     4  startup_mkv31f51212.o(.text)
    WDOG_EWM_IRQHandler                      0x000004d9   Thumb Code     4  startup_mkv31f51212.o(.text)
    NMI_Handler                              0x000004dd   Thumb Code     4  startup_mkv31f51212.o(.text)
    HardFault_Handler                        0x000004e1   Thumb Code     4  startup_mkv31f51212.o(.text)
    SVC_Handler                              0x000004e5   Thumb Code     4  startup_mkv31f51212.o(.text)
    PendSV_Handler                           0x000004e9   Thumb Code     4  startup_mkv31f51212.o(.text)
    SysTick_Handler                          0x000004ed   Thumb Code     4  startup_mkv31f51212.o(.text)
    DMA0_IRQHandler                          0x000004f1   Thumb Code     4  startup_mkv31f51212.o(.text)
    DMA1_IRQHandler                          0x000004f5   Thumb Code     4  startup_mkv31f51212.o(.text)
    DMA2_IRQHandler                          0x000004f9   Thumb Code     4  startup_mkv31f51212.o(.text)
    DMA3_IRQHandler                          0x000004fd   Thumb Code     4  startup_mkv31f51212.o(.text)
    DMA4_IRQHandler                          0x00000501   Thumb Code     4  startup_mkv31f51212.o(.text)
    DMA5_IRQHandler                          0x00000505   Thumb Code     4  startup_mkv31f51212.o(.text)
    DMA6_IRQHandler                          0x00000509   Thumb Code     4  startup_mkv31f51212.o(.text)
    DMA7_IRQHandler                          0x0000050d   Thumb Code     4  startup_mkv31f51212.o(.text)
    DMA8_IRQHandler                          0x00000511   Thumb Code     4  startup_mkv31f51212.o(.text)
    DMA9_IRQHandler                          0x00000515   Thumb Code     4  startup_mkv31f51212.o(.text)
    DMA10_IRQHandler                         0x00000519   Thumb Code     4  startup_mkv31f51212.o(.text)
    DMA11_IRQHandler                         0x0000051d   Thumb Code     4  startup_mkv31f51212.o(.text)
    DMA12_IRQHandler                         0x00000521   Thumb Code     4  startup_mkv31f51212.o(.text)
    DMA13_IRQHandler                         0x00000525   Thumb Code     4  startup_mkv31f51212.o(.text)
    DMA14_IRQHandler                         0x00000529   Thumb Code     4  startup_mkv31f51212.o(.text)
    DMA15_IRQHandler                         0x0000052d   Thumb Code     4  startup_mkv31f51212.o(.text)
    DMA_Error_IRQHandler                     0x00000531   Thumb Code     4  startup_mkv31f51212.o(.text)
    I2C0_IRQHandler                          0x00000535   Thumb Code     4  startup_mkv31f51212.o(.text)
    I2C1_IRQHandler                          0x00000539   Thumb Code     4  startup_mkv31f51212.o(.text)
    SPI0_IRQHandler                          0x0000053d   Thumb Code     4  startup_mkv31f51212.o(.text)
    SPI1_IRQHandler                          0x00000541   Thumb Code     4  startup_mkv31f51212.o(.text)
    LPUART0_IRQHandler                       0x00000545   Thumb Code     4  startup_mkv31f51212.o(.text)
    UART0_RX_TX_IRQHandler                   0x00000549   Thumb Code     4  startup_mkv31f51212.o(.text)
    UART0_ERR_IRQHandler                     0x0000054d   Thumb Code     4  startup_mkv31f51212.o(.text)
    UART1_RX_TX_IRQHandler                   0x00000551   Thumb Code     4  startup_mkv31f51212.o(.text)
    UART1_ERR_IRQHandler                     0x00000555   Thumb Code     4  startup_mkv31f51212.o(.text)
    UART2_RX_TX_IRQHandler                   0x00000559   Thumb Code     4  startup_mkv31f51212.o(.text)
    UART2_ERR_IRQHandler                     0x0000055d   Thumb Code     4  startup_mkv31f51212.o(.text)
    strlen                                   0x000005e5   Thumb Code    62  strlen.o(.text)
    __aeabi_memclr4                          0x00000623   Thumb Code     0  rt_memclr_w.o(.text)
    __aeabi_memclr8                          0x00000623   Thumb Code     0  rt_memclr_w.o(.text)
    __rt_memclr_w                            0x00000623   Thumb Code    78  rt_memclr_w.o(.text)
    _memset_w                                0x00000627   Thumb Code     0  rt_memclr_w.o(.text)
    __read_errno                             0x00000671   Thumb Code    10  _rserrno.o(.text)
    __set_errno                              0x0000067b   Thumb Code    12  _rserrno.o(.text)
    __aeabi_errno_addr                       0x00000689   Thumb Code     8  rt_errno_addr_intlibspace.o(.text)
    __errno$intlibspace                      0x00000689   Thumb Code     0  rt_errno_addr_intlibspace.o(.text)
    __rt_errno_addr$intlibspace              0x00000689   Thumb Code     0  rt_errno_addr_intlibspace.o(.text)
    __I$use$semihosting                      0x00000691   Thumb Code     0  use_no_semi.o(.text)
    __use_no_semihosting_swi                 0x00000691   Thumb Code     2  use_no_semi.o(.text)
    __semihosting_library_function           0x00000693   Thumb Code     0  indicate_semi.o(.text)
    exit                                     0x00000693   Thumb Code    18  exit.o(.text)
    _sys_exit                                0x000006a5   Thumb Code     8  sys_exit.o(.text)
    BOARD_BootClockRUN                       0x000006b1   Thumb Code   100  clock_config.o(.text.BOARD_BootClockRUN)
    BOARD_InitBootClocks                     0x0000070d   Thumb Code     4  clock_config.o(.text.BOARD_InitBootClocks)
    BOARD_InitBootPins                       0x00000711   Thumb Code     4  pin_mux.o(.text.BOARD_InitBootPins)
    BOARD_InitPins                           0x00000715   Thumb Code    92  pin_mux.o(.text.BOARD_InitPins)
    CLOCK_BootToPeeMode                      0x00000771   Thumb Code    68  fsl_clock.o(.text.CLOCK_BootToPeeMode)
    CLOCK_EnablePll0                         0x000007a9   Thumb Code    72  fsl_clock.o(.text.CLOCK_EnablePll0)
    CLOCK_GetEr32kClkFreq                    0x000007e9   Thumb Code   100  fsl_clock.o(.text.CLOCK_GetEr32kClkFreq)
    CLOCK_GetFixedFreqClkFreq                0x0000084d   Thumb Code    30  fsl_clock.o(.text.CLOCK_GetFixedFreqClkFreq)
    CLOCK_GetFllFreq                         0x0000086d   Thumb Code    76  fsl_clock.o(.text.CLOCK_GetFllFreq)
    CLOCK_GetFreq                            0x00000911   Thumb Code   184  fsl_clock.o(.text.CLOCK_GetFreq)
    CLOCK_GetInternalRefClkFreq              0x000009c5   Thumb Code    20  fsl_clock.o(.text.CLOCK_GetInternalRefClkFreq)
    CLOCK_GetOsc0ErClkDivFreq                0x00000a79   Thumb Code    64  fsl_clock.o(.text.CLOCK_GetOsc0ErClkDivFreq)
    CLOCK_GetOsc0ErClkUndivFreq              0x00000aa9   Thumb Code    56  fsl_clock.o(.text.CLOCK_GetOsc0ErClkUndivFreq)
    CLOCK_GetOutClkFreq                      0x00000ad9   Thumb Code    40  fsl_clock.o(.text.CLOCK_GetOutClkFreq)
    CLOCK_GetPll0Freq                        0x00000b01   Thumb Code    76  fsl_clock.o(.text.CLOCK_GetPll0Freq)
    CLOCK_GetPllFllSelClkFreq                0x00000b4d   Thumb Code    44  fsl_clock.o(.text.CLOCK_GetPllFllSelClkFreq)
    CLOCK_InitOsc0                           0x00000b75   Thumb Code   112  fsl_clock.o(.text.CLOCK_InitOsc0)
    CLOCK_SetExternalRefClkConfig            0x00000be5   Thumb Code    52  fsl_clock.o(.text.CLOCK_SetExternalRefClkConfig)
    CLOCK_SetPbeMode                         0x00000c19   Thumb Code    96  fsl_clock.o(.text.CLOCK_SetPbeMode)
    CLOCK_SetSimConfig                       0x00000c79   Thumb Code    40  fsl_clock.o(.text.CLOCK_SetSimConfig)
    DMA0_DriverIRQHandler                    0x00000d1d   Thumb Code    20  fsl_edma.o(.text.DMA0_DriverIRQHandler)
    DMA10_DriverIRQHandler                   0x00000d2d   Thumb Code    20  fsl_edma.o(.text.DMA10_DriverIRQHandler)
    DMA11_DriverIRQHandler                   0x00000d3d   Thumb Code    20  fsl_edma.o(.text.DMA11_DriverIRQHandler)
    DMA12_DriverIRQHandler                   0x00000d4d   Thumb Code    20  fsl_edma.o(.text.DMA12_DriverIRQHandler)
    DMA13_DriverIRQHandler                   0x00000d5d   Thumb Code    20  fsl_edma.o(.text.DMA13_DriverIRQHandler)
    DMA14_DriverIRQHandler                   0x00000d6d   Thumb Code    20  fsl_edma.o(.text.DMA14_DriverIRQHandler)
    DMA15_DriverIRQHandler                   0x00000d7d   Thumb Code    20  fsl_edma.o(.text.DMA15_DriverIRQHandler)
    DMA1_DriverIRQHandler                    0x00000d8d   Thumb Code    20  fsl_edma.o(.text.DMA1_DriverIRQHandler)
    DMA2_DriverIRQHandler                    0x00000d9d   Thumb Code    20  fsl_edma.o(.text.DMA2_DriverIRQHandler)
    DMA3_DriverIRQHandler                    0x00000dad   Thumb Code    20  fsl_edma.o(.text.DMA3_DriverIRQHandler)
    DMA4_DriverIRQHandler                    0x00000dbd   Thumb Code    20  fsl_edma.o(.text.DMA4_DriverIRQHandler)
    DMA5_DriverIRQHandler                    0x00000dcd   Thumb Code    20  fsl_edma.o(.text.DMA5_DriverIRQHandler)
    DMA6_DriverIRQHandler                    0x00000ddd   Thumb Code    20  fsl_edma.o(.text.DMA6_DriverIRQHandler)
    DMA7_DriverIRQHandler                    0x00000ded   Thumb Code    20  fsl_edma.o(.text.DMA7_DriverIRQHandler)
    DMA8_DriverIRQHandler                    0x00000dfd   Thumb Code    20  fsl_edma.o(.text.DMA8_DriverIRQHandler)
    DMA9_DriverIRQHandler                    0x00000e0d   Thumb Code    20  fsl_edma.o(.text.DMA9_DriverIRQHandler)
    DSPI_GetDummyDataInstance                0x00000e3d   Thumb Code    16  fsl_dspi.o(.text.DSPI_GetDummyDataInstance)
    DSPI_GetInstance                         0x00000e4d   Thumb Code    84  fsl_dspi.o(.text.DSPI_GetInstance)
    DSPI_MasterTransferHandleIRQ             0x00000fad   Thumb Code   240  fsl_dspi.o(.text.DSPI_MasterTransferHandleIRQ)
    DSPI_SlaveTransferHandleIRQ              0x00001095   Thumb Code   404  fsl_dspi.o(.text.DSPI_SlaveTransferHandleIRQ)
    DbgConsole_Printf                        0x00001261   Thumb Code    72  fsl_debug_console.o(.text.DbgConsole_Printf)
    DbgConsole_SendDataReliable              0x000012a5   Thumb Code    80  fsl_debug_console.o(.text.DbgConsole_SendDataReliable)
    EDMA_HandleIRQ                           0x000012f5   Thumb Code   184  fsl_edma.o(.text.EDMA_HandleIRQ)
    FTM3_IRQHandler                          0x000013ad   Thumb Code   124  plz_work.o(.text.FTM3_IRQHandler)
    FTM_ClearStatusFlags                     0x00001425   Thumb Code    52  fsl_ftm.o(.text.FTM_ClearStatusFlags)
    FTM_EnableInterrupts                     0x00001459   Thumb Code    52  fsl_ftm.o(.text.FTM_EnableInterrupts)
    FTM_GetDefaultConfig                     0x0000148d   Thumb Code    68  fsl_ftm.o(.text.FTM_GetDefaultConfig)
    FTM_GetStatusFlags                       0x00001525   Thumb Code    38  fsl_ftm.o(.text.FTM_GetStatusFlags)
    FTM_Init                                 0x0000154d   Thumb Code   528  fsl_ftm.o(.text.FTM_Init)
    FTM_SetupPwm                             0x0000175d   Thumb Code   640  fsl_ftm.o(.text.FTM_SetupPwm)
    FTM_UpdatePwmDutycycle                   0x000019dd   Thumb Code   164  fsl_ftm.o(.text.FTM_UpdatePwmDutycycle)
    HAL_UartSendBlocking                     0x00001a81   Thumb Code    80  uart_adapter.o(.text.HAL_UartSendBlocking)
    LPUART0_DriverIRQHandler                 0x00001ac9   Thumb Code    32  fsl_lpuart.o(.text.LPUART0_DriverIRQHandler)
    SPI0_DriverIRQHandler                    0x00001ae9   Thumb Code    60  fsl_dspi.o(.text.SPI0_DriverIRQHandler)
    SPI1_DriverIRQHandler                    0x00001b25   Thumb Code    60  fsl_dspi.o(.text.SPI1_DriverIRQHandler)
    SerialManager_WriteBlocking              0x00001b61   Thumb Code    96  serial_manager.o(.text.SerialManager_WriteBlocking)
    Serial_UartWrite                         0x00001bb9   Thumb Code    64  serial_port_uart.o(.text.Serial_UartWrite)
    StrFormatPrintf                          0x00001bf9   Thumb Code   524  fsl_str.o(.text.StrFormatPrintf)
    SystemInit                               0x00001e05   Thumb Code    44  system_mkv31f51212.o(.text.SystemInit)
    SystemInitHook                           0x00001e31   Thumb Code     2  system_mkv31f51212.o(.text.SystemInitHook)
    UART0_RX_TX_DriverIRQHandler             0x00001e35   Thumb Code    36  fsl_uart.o(.text.UART0_RX_TX_DriverIRQHandler)
    UART1_RX_TX_DriverIRQHandler             0x00001e51   Thumb Code    36  fsl_uart.o(.text.UART1_RX_TX_DriverIRQHandler)
    UART2_RX_TX_DriverIRQHandler             0x00001e6d   Thumb Code    36  fsl_uart.o(.text.UART2_RX_TX_DriverIRQHandler)
    UART_WriteBlocking                       0x00001e91   Thumb Code    32  fsl_uart.o(.text.UART_WriteBlocking)
    __aeabi_assert                           0x00001eb1   Thumb Code    60  fsl_assert.o(.text.__aeabi_assert)
    main                                     0x00001ef1   Thumb Code   304  plz_work.o(.text.main)
    __ARM_fpclassify                         0x00002021   Thumb Code    48  fpclassify.o(i.__ARM_fpclassify)
    __hardfp_sin                             0x00002051   Thumb Code   180  sin.o(i.__hardfp_sin)
    __ieee754_rem_pio2                       0x00002119   Thumb Code   938  rred.o(i.__ieee754_rem_pio2)
    __kernel_cos                             0x00002551   Thumb Code   322  cos_i.o(i.__kernel_cos)
    __kernel_poly                            0x000026c1   Thumb Code   248  poly.o(i.__kernel_poly)
    __kernel_sin                             0x000027b9   Thumb Code   280  sin_i.o(i.__kernel_sin)
    __mathlib_dbl_infnan                     0x000028e9   Thumb Code    20  dunder.o(i.__mathlib_dbl_infnan)
    __mathlib_dbl_invalid                    0x00002901   Thumb Code    24  dunder.o(i.__mathlib_dbl_invalid)
    __mathlib_dbl_underflow                  0x00002921   Thumb Code    24  dunder.o(i.__mathlib_dbl_underflow)
    fabs                                     0x00002941   Thumb Code    24  fabs.o(i.fabs)
    __aeabi_dneg                             0x00002959   Thumb Code     0  basic.o(x$fpl$basic)
    _dneg                                    0x00002959   Thumb Code     6  basic.o(x$fpl$basic)
    __aeabi_fneg                             0x0000295f   Thumb Code     0  basic.o(x$fpl$basic)
    _fneg                                    0x0000295f   Thumb Code     6  basic.o(x$fpl$basic)
    _dabs                                    0x00002965   Thumb Code     6  basic.o(x$fpl$basic)
    _fabs                                    0x0000296b   Thumb Code     6  basic.o(x$fpl$basic)
    __aeabi_d2f                              0x00002971   Thumb Code     0  d2f.o(x$fpl$d2f)
    _d2f                                     0x00002971   Thumb Code    98  d2f.o(x$fpl$d2f)
    __aeabi_dadd                             0x000029d5   Thumb Code     0  daddsub_clz.o(x$fpl$dadd)
    _dadd                                    0x000029d5   Thumb Code   332  daddsub_clz.o(x$fpl$dadd)
    __aeabi_ddiv                             0x00002b25   Thumb Code     0  ddiv.o(x$fpl$ddiv)
    _ddiv                                    0x00002b25   Thumb Code   552  ddiv.o(x$fpl$ddiv)
    __aeabi_d2iz                             0x00002dd5   Thumb Code     0  dfix.o(x$fpl$dfix)
    _dfix                                    0x00002dd5   Thumb Code    94  dfix.o(x$fpl$dfix)
    __aeabi_i2d                              0x00002e33   Thumb Code     0  dflt_clz.o(x$fpl$dflt)
    _dflt                                    0x00002e33   Thumb Code    46  dflt_clz.o(x$fpl$dflt)
    __aeabi_ui2d                             0x00002e61   Thumb Code     0  dflt_clz.o(x$fpl$dfltu)
    _dfltu                                   0x00002e61   Thumb Code    38  dflt_clz.o(x$fpl$dfltu)
    __aeabi_dmul                             0x00002e89   Thumb Code     0  dmul.o(x$fpl$dmul)
    _dmul                                    0x00002e89   Thumb Code   332  dmul.o(x$fpl$dmul)
    __fpl_dnaninf                            0x00002fdd   Thumb Code   156  dnaninf.o(x$fpl$dnaninf)
    __fpl_dretinf                            0x00003079   Thumb Code    12  dretinf.o(x$fpl$dretinf)
    __aeabi_drsub                            0x00003085   Thumb Code     0  daddsub_clz.o(x$fpl$drsb)
    _drsb                                    0x00003085   Thumb Code    22  daddsub_clz.o(x$fpl$drsb)
    __aeabi_dsub                             0x0000309d   Thumb Code     0  daddsub_clz.o(x$fpl$dsub)
    _dsub                                    0x0000309d   Thumb Code   464  daddsub_clz.o(x$fpl$dsub)
    __aeabi_f2d                              0x00003271   Thumb Code     0  f2d.o(x$fpl$f2d)
    _f2d                                     0x00003271   Thumb Code    86  f2d.o(x$fpl$f2d)
    __fpl_fnaninf                            0x000032c7   Thumb Code   140  fnaninf.o(x$fpl$fnaninf)
    _fp_init                                 0x00003353   Thumb Code    26  fpinit.o(x$fpl$fpinit)
    __fplib_config_fpu_vfp                   0x0000336b   Thumb Code     0  fpinit.o(x$fpl$fpinit)
    __fplib_config_pureend_doubles           0x0000336b   Thumb Code     0  fpinit.o(x$fpl$fpinit)
    __fpl_fretinf                            0x0000336d   Thumb Code    10  fretinf.o(x$fpl$fretinf)
    __I$use$fp                               0x00003376   Number         0  usenofp.o(x$fpl$usenofp)
    mcgConfig_BOARD_BootClockRUN             0x000034a8   Data          11  clock_config.o(.rodata.mcgConfig_BOARD_BootClockRUN)
    oscConfig_BOARD_BootClockRUN             0x000034b4   Data           8  clock_config.o(.rodata.oscConfig_BOARD_BootClockRUN)
    simConfig_BOARD_BootClockRUN             0x000034c8   Data           8  clock_config.o(.rodata.simConfig_BOARD_BootClockRUN)
    Region$$Table$$Base                      0x000036c0   Number         0  anon$$obj.o(Region$$Table)
    Region$$Table$$Limit                     0x000036e0   Number         0  anon$$obj.o(Region$$Table)
    SystemCoreClock                          0x20000008   Data           4  system_mkv31f51212.o(.data.SystemCoreClock)
    __libspace_start                         0x20000014   Data          96  libspace.o(.bss)
    __temporary_stack_top$libspace           0x20000074   Data           0  libspace.o(.bss)
    count                                    0x20000074   Data           4  plz_work.o(.bss..L_MergedGlobals)
    sin_oprnd                                0x20000078   Data           4  plz_work.o(.bss..L_MergedGlobals)
    div_mid                                  0x2000007c   Data           4  plz_work.o(.bss..L_MergedGlobals)
    g_serialHandle                           0x20000080   Data           4  fsl_debug_console.o(.bss..L_MergedGlobals)
    g_xtal0Freq                              0x200000a0   Data           4  fsl_clock.o(.bss..L_MergedGlobals.8)
    g_xtal32Freq                             0x200000a4   Data           4  fsl_clock.o(.bss..L_MergedGlobals.8)
    DS                                       0x200000a8   Data         200  plz_work.o(.bss.DS)
    g_dspiDummyData                          0x20000170   Data           2  fsl_dspi.o(.bss.g_dspiDummyData)
    Image$$ARM_LIB_HEAP$$ZI$$Base            0x200001cc   Number         0  anon$$obj.o ABSOLUTE
    Image$$ARM_LIB_HEAP$$ZI$$Limit           0x200005cc   Number         0  anon$$obj.o ABSOLUTE
    Image$$ARM_LIB_STACK$$ZI$$Limit          0x20010000   Number         0  anon$$obj.o ABSOLUTE



==============================================================================

Memory Map of the image

  Image Entry point : 0x00000411

  Load Region LR_m_text (Base: 0x00000000, Size: 0x000036f4, Max: 0x00080000, ABSOLUTE)

    Execution Region VECTOR_ROM (Exec base: 0x00000000, Load base: 0x00000000, Size: 0x00000400, Max: 0x00000400, ABSOLUTE)

    Exec Addr    Load Addr    Size         Type   Attr      Idx    E Section Name        Object

    0x00000000   0x00000000   0x00000400   Data   RO         1123    .isr_vector         startup_mkv31f51212.o


    Execution Region ER_m_flash_config (Exec base: 0x00000400, Load base: 0x00000400, Size: 0x00000010, Max: 0x00000010, ABSOLUTE, FIXED)

    Exec Addr    Load Addr    Size         Type   Attr      Idx    E Section Name        Object

    0x00000400   0x00000400   0x00000010   Data   RO         1124    .FlashConfig        startup_mkv31f51212.o


    Execution Region ER_m_text (Exec base: 0x00000410, Load base: 0x00000410, Size: 0x000032d0, Max: 0x0007fbf0, ABSOLUTE)

    Exec Addr    Load Addr    Size         Type   Attr      Idx    E Section Name        Object

    0x00000410   0x00000410   0x00000008   Code   RO         1295  * !!!main             c_w.l(__main.o)
    0x00000418   0x00000418   0x00000034   Code   RO         1621    !!!scatter          c_w.l(__scatter.o)
    0x0000044c   0x0000044c   0x0000001a   Code   RO         1623    !!handler_copy      c_w.l(__scatter_copy.o)
    0x00000466   0x00000466   0x00000002   PAD
    0x00000468   0x00000468   0x0000001c   Code   RO         1625    !!handler_zi        c_w.l(__scatter_zi.o)
    0x00000484   0x00000484   0x00000002   Code   RO         1548    .ARM.Collect$$libinit$$00000000  c_w.l(libinit.o)
    0x00000486   0x00000486   0x00000004   Code   RO         1355    .ARM.Collect$$libinit$$00000001  c_w.l(libinit2.o)
    0x0000048a   0x0000048a   0x00000000   Code   RO         1358    .ARM.Collect$$libinit$$00000004  c_w.l(libinit2.o)
    0x0000048a   0x0000048a   0x00000000   Code   RO         1361    .ARM.Collect$$libinit$$0000000A  c_w.l(libinit2.o)
    0x0000048a   0x0000048a   0x00000000   Code   RO         1363    .ARM.Collect$$libinit$$0000000C  c_w.l(libinit2.o)
    0x0000048a   0x0000048a   0x00000000   Code   RO         1365    .ARM.Collect$$libinit$$0000000E  c_w.l(libinit2.o)
    0x0000048a   0x0000048a   0x00000000   Code   RO         1368    .ARM.Collect$$libinit$$00000011  c_w.l(libinit2.o)
    0x0000048a   0x0000048a   0x00000000   Code   RO         1370    .ARM.Collect$$libinit$$00000013  c_w.l(libinit2.o)
    0x0000048a   0x0000048a   0x00000000   Code   RO         1372    .ARM.Collect$$libinit$$00000015  c_w.l(libinit2.o)
    0x0000048a   0x0000048a   0x00000000   Code   RO         1374    .ARM.Collect$$libinit$$00000017  c_w.l(libinit2.o)
    0x0000048a   0x0000048a   0x00000000   Code   RO         1376    .ARM.Collect$$libinit$$00000019  c_w.l(libinit2.o)
    0x0000048a   0x0000048a   0x00000000   Code   RO         1378    .ARM.Collect$$libinit$$0000001B  c_w.l(libinit2.o)
    0x0000048a   0x0000048a   0x00000000   Code   RO         1380    .ARM.Collect$$libinit$$0000001D  c_w.l(libinit2.o)
    0x0000048a   0x0000048a   0x00000000   Code   RO         1382    .ARM.Collect$$libinit$$0000001F  c_w.l(libinit2.o)
    0x0000048a   0x0000048a   0x00000000   Code   RO         1384    .ARM.Collect$$libinit$$00000021  c_w.l(libinit2.o)
    0x0000048a   0x0000048a   0x00000000   Code   RO         1386    .ARM.Collect$$libinit$$00000023  c_w.l(libinit2.o)
    0x0000048a   0x0000048a   0x00000000   Code   RO         1388    .ARM.Collect$$libinit$$00000025  c_w.l(libinit2.o)
    0x0000048a   0x0000048a   0x00000000   Code   RO         1392    .ARM.Collect$$libinit$$0000002C  c_w.l(libinit2.o)
    0x0000048a   0x0000048a   0x00000000   Code   RO         1394    .ARM.Collect$$libinit$$0000002E  c_w.l(libinit2.o)
    0x0000048a   0x0000048a   0x00000000   Code   RO         1396    .ARM.Collect$$libinit$$00000030  c_w.l(libinit2.o)
    0x0000048a   0x0000048a   0x00000000   Code   RO         1398    .ARM.Collect$$libinit$$00000032  c_w.l(libinit2.o)
    0x0000048a   0x0000048a   0x00000002   Code   RO         1399    .ARM.Collect$$libinit$$00000033  c_w.l(libinit2.o)
    0x0000048c   0x0000048c   0x00000002   Code   RO         1618    .ARM.Collect$$libshutdown$$00000000  c_w.l(libshutdown.o)
    0x0000048e   0x0000048e   0x00000000   Code   RO         1574    .ARM.Collect$$libshutdown$$00000002  c_w.l(libshutdown2.o)
    0x0000048e   0x0000048e   0x00000000   Code   RO         1576    .ARM.Collect$$libshutdown$$00000004  c_w.l(libshutdown2.o)
    0x0000048e   0x0000048e   0x00000000   Code   RO         1579    .ARM.Collect$$libshutdown$$00000007  c_w.l(libshutdown2.o)
    0x0000048e   0x0000048e   0x00000000   Code   RO         1582    .ARM.Collect$$libshutdown$$0000000A  c_w.l(libshutdown2.o)
    0x0000048e   0x0000048e   0x00000000   Code   RO         1584    .ARM.Collect$$libshutdown$$0000000C  c_w.l(libshutdown2.o)
    0x0000048e   0x0000048e   0x00000000   Code   RO         1587    .ARM.Collect$$libshutdown$$0000000F  c_w.l(libshutdown2.o)
    0x0000048e   0x0000048e   0x00000002   Code   RO         1588    .ARM.Collect$$libshutdown$$00000010  c_w.l(libshutdown2.o)
    0x00000490   0x00000490   0x00000000   Code   RO         1321    .ARM.Collect$$rtentry$$00000000  c_w.l(__rtentry.o)
    0x00000490   0x00000490   0x00000000   Code   RO         1447    .ARM.Collect$$rtentry$$00000002  c_w.l(__rtentry2.o)
    0x00000490   0x00000490   0x00000004   Code   RO         1461    .ARM.Collect$$rtentry$$00000007  c_w.l(__rtentry7.o)
    0x00000494   0x00000494   0x00000000   Code   RO         1449    .ARM.Collect$$rtentry$$00000009  c_w.l(__rtentry2.o)
    0x00000494   0x00000494   0x00000004   Code   RO         1450    .ARM.Collect$$rtentry$$0000000A  c_w.l(__rtentry2.o)
    0x00000498   0x00000498   0x00000000   Code   RO         1452    .ARM.Collect$$rtentry$$0000000C  c_w.l(__rtentry2.o)
    0x00000498   0x00000498   0x00000008   Code   RO         1453    .ARM.Collect$$rtentry$$0000000D  c_w.l(__rtentry2.o)
    0x000004a0   0x000004a0   0x00000004   Code   RO         1462    .ARM.Collect$$rtentry$$00002718  c_w.l(__rtentry7.o)
    0x000004a4   0x000004a4   0x00000002   Code   RO         1557    .ARM.Collect$$rtexit$$00000000  c_w.l(rtexit.o)
    0x000004a6   0x000004a6   0x00000000   Code   RO         1594    .ARM.Collect$$rtexit$$00000002  c_w.l(rtexit2.o)
    0x000004a6   0x000004a6   0x00000004   Code   RO         1595    .ARM.Collect$$rtexit$$00000003  c_w.l(rtexit2.o)
    0x000004aa   0x000004aa   0x00000006   Code   RO         1596    .ARM.Collect$$rtexit$$00000004  c_w.l(rtexit2.o)
    0x000004b0   0x000004b0   0x00000134   Code   RO         1122    .text               startup_mkv31f51212.o
    0x000005e4   0x000005e4   0x0000003e   Code   RO         1289    .text               c_w.l(strlen.o)
    0x00000622   0x00000622   0x0000004e   Code   RO         1293    .text               c_w.l(rt_memclr_w.o)
    0x00000670   0x00000670   0x00000016   Code   RO         1349    .text               c_w.l(_rserrno.o)
    0x00000686   0x00000686   0x00000002   PAD
    0x00000688   0x00000688   0x00000008   Code   RO         1471    .text               c_w.l(rt_errno_addr_intlibspace.o)
    0x00000690   0x00000690   0x00000002   Code   RO         1520    .text               c_w.l(use_no_semi.o)
    0x00000692   0x00000692   0x00000000   Code   RO         1522    .text               c_w.l(indicate_semi.o)
    0x00000692   0x00000692   0x00000012   Code   RO         1529    .text               c_w.l(exit.o)
    0x000006a4   0x000006a4   0x0000000c   Code   RO         1549    .text               c_w.l(sys_exit.o)
    0x000006b0   0x000006b0   0x0000005c   Code   RO         1198    .text.BOARD_BootClockRUN  clock_config.o
    0x0000070c   0x0000070c   0x00000004   Code   RO         1196    .text.BOARD_InitBootClocks  clock_config.o
    0x00000710   0x00000710   0x00000004   Code   RO         1211    .text.BOARD_InitBootPins  pin_mux.o
    0x00000714   0x00000714   0x0000005c   Code   RO         1213    .text.BOARD_InitPins  pin_mux.o
    0x00000770   0x00000770   0x00000038   Code   RO          153    .text.CLOCK_BootToPeeMode  fsl_clock.o
    0x000007a8   0x000007a8   0x00000040   Code   RO          103    .text.CLOCK_EnablePll0  fsl_clock.o
    0x000007e8   0x000007e8   0x00000064   Code   RO           61    .text.CLOCK_GetEr32kClkFreq  fsl_clock.o
    0x0000084c   0x0000084c   0x0000001e   Code   RO           85    .text.CLOCK_GetFixedFreqClkFreq  fsl_clock.o
    0x0000086a   0x0000086a   0x00000002   PAD
    0x0000086c   0x0000086c   0x0000004c   Code   RO           65    .text.CLOCK_GetFllFreq  fsl_clock.o
    0x000008b8   0x000008b8   0x00000058   Code   RO           95    .text.CLOCK_GetFllRefClkFreq  fsl_clock.o
    0x00000910   0x00000910   0x000000b4   Code   RO           83    .text.CLOCK_GetFreq  fsl_clock.o
    0x000009c4   0x000009c4   0x00000014   Code   RO           87    .text.CLOCK_GetInternalRefClkFreq  fsl_clock.o
    0x000009d8   0x000009d8   0x00000024   Code   RO           91    .text.CLOCK_GetInternalRefClkSelectFreq  fsl_clock.o
    0x000009fc   0x000009fc   0x0000007c   Code   RO           93    .text.CLOCK_GetMcgExtClkFreq  fsl_clock.o
    0x00000a78   0x00000a78   0x00000030   Code   RO           59    .text.CLOCK_GetOsc0ErClkDivFreq  fsl_clock.o
    0x00000aa8   0x00000aa8   0x00000030   Code   RO           57    .text.CLOCK_GetOsc0ErClkUndivFreq  fsl_clock.o
    0x00000ad8   0x00000ad8   0x00000028   Code   RO           73    .text.CLOCK_GetOutClkFreq  fsl_clock.o
    0x00000b00   0x00000b00   0x0000004c   Code   RO           67    .text.CLOCK_GetPll0Freq  fsl_clock.o
    0x00000b4c   0x00000b4c   0x00000028   Code   RO           63    .text.CLOCK_GetPllFllSelClkFreq  fsl_clock.o
    0x00000b74   0x00000b74   0x00000070   Code   RO          113    .text.CLOCK_InitOsc0  fsl_clock.o
    0x00000be4   0x00000be4   0x00000034   Code   RO           97    .text.CLOCK_SetExternalRefClkConfig  fsl_clock.o
    0x00000c18   0x00000c18   0x00000060   Code   RO          137    .text.CLOCK_SetPbeMode  fsl_clock.o
    0x00000c78   0x00000c78   0x00000028   Code   RO           89    .text.CLOCK_SetSimConfig  fsl_clock.o
    0x00000ca0   0x00000ca0   0x0000007c   Code   RO         1181    .text.ConvertRadixNumToString  fsl_str.o
    0x00000d1c   0x00000d1c   0x00000010   Code   RO          395    .text.DMA0_DriverIRQHandler  fsl_edma.o
    0x00000d2c   0x00000d2c   0x00000010   Code   RO          415    .text.DMA10_DriverIRQHandler  fsl_edma.o
    0x00000d3c   0x00000d3c   0x00000010   Code   RO          417    .text.DMA11_DriverIRQHandler  fsl_edma.o
    0x00000d4c   0x00000d4c   0x00000010   Code   RO          419    .text.DMA12_DriverIRQHandler  fsl_edma.o
    0x00000d5c   0x00000d5c   0x00000010   Code   RO          421    .text.DMA13_DriverIRQHandler  fsl_edma.o
    0x00000d6c   0x00000d6c   0x00000010   Code   RO          423    .text.DMA14_DriverIRQHandler  fsl_edma.o
    0x00000d7c   0x00000d7c   0x00000010   Code   RO          425    .text.DMA15_DriverIRQHandler  fsl_edma.o
    0x00000d8c   0x00000d8c   0x00000010   Code   RO          397    .text.DMA1_DriverIRQHandler  fsl_edma.o
    0x00000d9c   0x00000d9c   0x00000010   Code   RO          399    .text.DMA2_DriverIRQHandler  fsl_edma.o
    0x00000dac   0x00000dac   0x00000010   Code   RO          401    .text.DMA3_DriverIRQHandler  fsl_edma.o
    0x00000dbc   0x00000dbc   0x00000010   Code   RO          403    .text.DMA4_DriverIRQHandler  fsl_edma.o
    0x00000dcc   0x00000dcc   0x00000010   Code   RO          405    .text.DMA5_DriverIRQHandler  fsl_edma.o
    0x00000ddc   0x00000ddc   0x00000010   Code   RO          407    .text.DMA6_DriverIRQHandler  fsl_edma.o
    0x00000dec   0x00000dec   0x00000010   Code   RO          409    .text.DMA7_DriverIRQHandler  fsl_edma.o
    0x00000dfc   0x00000dfc   0x00000010   Code   RO          411    .text.DMA8_DriverIRQHandler  fsl_edma.o
    0x00000e0c   0x00000e0c   0x00000014   Code   RO          413    .text.DMA9_DriverIRQHandler  fsl_edma.o
    0x00000e20   0x00000e20   0x0000001a   Code   RO          271    .text.DSPI_CommonIRQHandler  fsl_dspi.o
    0x00000e3a   0x00000e3a   0x00000002   PAD
    0x00000e3c   0x00000e3c   0x00000010   Code   RO          205    .text.DSPI_GetDummyDataInstance  fsl_dspi.o
    0x00000e4c   0x00000e4c   0x00000054   Code   RO          203    .text.DSPI_GetInstance  fsl_dspi.o
    0x00000ea0   0x00000ea0   0x0000010c   Code   RO          247    .text.DSPI_MasterTransferFillUpTxFifo  fsl_dspi.o
    0x00000fac   0x00000fac   0x000000e8   Code   RO          245    .text.DSPI_MasterTransferHandleIRQ  fsl_dspi.o
    0x00001094   0x00001094   0x00000194   Code   RO          263    .text.DSPI_SlaveTransferHandleIRQ  fsl_dspi.o
    0x00001228   0x00001228   0x00000036   Code   RO         1148    .text.DbgConsole_PrintCallback  fsl_debug_console.o
    0x0000125e   0x0000125e   0x00000002   PAD
    0x00001260   0x00001260   0x00000044   Code   RO         1146    .text.DbgConsole_Printf  fsl_debug_console.o
    0x000012a4   0x000012a4   0x00000050   Code   RO         1134    .text.DbgConsole_SendDataReliable  fsl_debug_console.o
    0x000012f4   0x000012f4   0x000000b8   Code   RO          393    .text.EDMA_HandleIRQ  fsl_edma.o
    0x000013ac   0x000013ac   0x00000078   Code   RO            4    .text.FTM3_IRQHandler  plz_work.o
    0x00001424   0x00001424   0x00000034   Code   RO          629    .text.FTM_ClearStatusFlags  fsl_ftm.o
    0x00001458   0x00001458   0x00000034   Code   RO          621    .text.FTM_EnableInterrupts  fsl_ftm.o
    0x0000148c   0x0000148c   0x00000044   Code   RO          601    .text.FTM_GetDefaultConfig  fsl_ftm.o
    0x000014d0   0x000014d0   0x00000054   Code   RO          597    .text.FTM_GetInstance  fsl_ftm.o
    0x00001524   0x00001524   0x00000026   Code   RO          627    .text.FTM_GetStatusFlags  fsl_ftm.o
    0x0000154a   0x0000154a   0x00000002   PAD
    0x0000154c   0x0000154c   0x00000210   Code   RO          595    .text.FTM_Init      fsl_ftm.o
    0x0000175c   0x0000175c   0x00000280   Code   RO          603    .text.FTM_SetupPwm  fsl_ftm.o
    0x000019dc   0x000019dc   0x000000a4   Code   RO          605    .text.FTM_UpdatePwmDutycycle  fsl_ftm.o
    0x00001a80   0x00001a80   0x00000048   Code   RO         1019    .text.HAL_UartSendBlocking  uart_adapter.o
    0x00001ac8   0x00001ac8   0x00000020   Code   RO          983    .text.LPUART0_DriverIRQHandler  fsl_lpuart.o
    0x00001ae8   0x00001ae8   0x0000003c   Code   RO          269    .text.SPI0_DriverIRQHandler  fsl_dspi.o
    0x00001b24   0x00001b24   0x0000003c   Code   RO          273    .text.SPI1_DriverIRQHandler  fsl_dspi.o
    0x00001b60   0x00001b60   0x00000058   Code   RO         1048    .text.SerialManager_WriteBlocking  serial_manager.o
    0x00001bb8   0x00001bb8   0x00000040   Code   RO         1070    .text.Serial_UartWrite  serial_port_uart.o
    0x00001bf8   0x00001bf8   0x0000020c   Code   RO         1179    .text.StrFormatPrintf  fsl_str.o
    0x00001e04   0x00001e04   0x0000002c   Code   RO          997    .text.SystemInit    system_mkv31f51212.o
    0x00001e30   0x00001e30   0x00000002   Code   RO          999    .text.SystemInitHook  system_mkv31f51212.o
    0x00001e32   0x00001e32   0x00000002   PAD
    0x00001e34   0x00001e34   0x0000001c   Code   RO          837    .text.UART0_RX_TX_DriverIRQHandler  fsl_uart.o
    0x00001e50   0x00001e50   0x0000001c   Code   RO          841    .text.UART1_RX_TX_DriverIRQHandler  fsl_uart.o
    0x00001e6c   0x00001e6c   0x00000024   Code   RO          845    .text.UART2_RX_TX_DriverIRQHandler  fsl_uart.o
    0x00001e90   0x00001e90   0x00000020   Code   RO          801    .text.UART_WriteBlocking  fsl_uart.o
    0x00001eb0   0x00001eb0   0x0000003c   Code   RO         1169    .text.__aeabi_assert  fsl_assert.o
    0x00001eec   0x00001eec   0x00000004   PAD
    0x00001ef0   0x00001ef0   0x00000130   Code   RO            8    .text.main          plz_work.o
    0x00002020   0x00002020   0x00000030   Code   RO         1516    i.__ARM_fpclassify  m_wm.l(fpclassify.o)
    0x00002050   0x00002050   0x000000c8   Code   RO         1307    i.__hardfp_sin      m_wm.l(sin.o)
    0x00002118   0x00002118   0x00000438   Code   RO         1428    i.__ieee754_rem_pio2  m_wm.l(rred.o)
    0x00002550   0x00002550   0x00000170   Code   RO         1411    i.__kernel_cos      m_wm.l(cos_i.o)
    0x000026c0   0x000026c0   0x000000f8   Code   RO         1518    i.__kernel_poly     m_wm.l(poly.o)
    0x000027b8   0x000027b8   0x00000130   Code   RO         1433    i.__kernel_sin      m_wm.l(sin_i.o)
    0x000028e8   0x000028e8   0x00000014   Code   RO         1415    i.__mathlib_dbl_infnan  m_wm.l(dunder.o)
    0x000028fc   0x000028fc   0x00000004   PAD
    0x00002900   0x00002900   0x00000020   Code   RO         1417    i.__mathlib_dbl_invalid  m_wm.l(dunder.o)
    0x00002920   0x00002920   0x00000020   Code   RO         1420    i.__mathlib_dbl_underflow  m_wm.l(dunder.o)
    0x00002940   0x00002940   0x00000018   Code   RO         1512    i.fabs              m_wm.l(fabs.o)
    0x00002958   0x00002958   0x00000018   Code   RO         1400    x$fpl$basic         fz_wm.l(basic.o)
    0x00002970   0x00002970   0x00000062   Code   RO         1297    x$fpl$d2f           fz_wm.l(d2f.o)
    0x000029d2   0x000029d2   0x00000002   PAD
    0x000029d4   0x000029d4   0x00000150   Code   RO         1492    x$fpl$dadd          fz_wm.l(daddsub_clz.o)
    0x00002b24   0x00002b24   0x000002b0   Code   RO         1300    x$fpl$ddiv          fz_wm.l(ddiv.o)
    0x00002dd4   0x00002dd4   0x0000005e   Code   RO         1498    x$fpl$dfix          fz_wm.l(dfix.o)
    0x00002e32   0x00002e32   0x0000002e   Code   RO         1503    x$fpl$dflt          fz_wm.l(dflt_clz.o)
    0x00002e60   0x00002e60   0x00000026   Code   RO         1502    x$fpl$dfltu         fz_wm.l(dflt_clz.o)
    0x00002e86   0x00002e86   0x00000002   PAD
    0x00002e88   0x00002e88   0x00000154   Code   RO         1303    x$fpl$dmul          fz_wm.l(dmul.o)
    0x00002fdc   0x00002fdc   0x0000009c   Code   RO         1402    x$fpl$dnaninf       fz_wm.l(dnaninf.o)
    0x00003078   0x00003078   0x0000000c   Code   RO         1404    x$fpl$dretinf       fz_wm.l(dretinf.o)
    0x00003084   0x00003084   0x00000016   Code   RO         1493    x$fpl$drsb          fz_wm.l(daddsub_clz.o)
    0x0000309a   0x0000309a   0x00000002   PAD
    0x0000309c   0x0000309c   0x000001d4   Code   RO         1494    x$fpl$dsub          fz_wm.l(daddsub_clz.o)
    0x00003270   0x00003270   0x00000056   Code   RO         1305    x$fpl$f2d           fz_wm.l(f2d.o)
    0x000032c6   0x000032c6   0x0000008c   Code   RO         1406    x$fpl$fnaninf       fz_wm.l(fnaninf.o)
    0x00003352   0x00003352   0x0000001a   Code   RO         1508    x$fpl$fpinit        fz_wm.l(fpinit.o)
    0x0000336c   0x0000336c   0x0000000a   Code   RO         1408    x$fpl$fretinf       fz_wm.l(fretinf.o)
    0x00003376   0x00003376   0x00000000   Code   RO         1410    x$fpl$usenofp       fz_wm.l(usenofp.o)
    0x00003376   0x00003376   0x00000002   PAD
    0x00003378   0x00003378   0x00000030   Data   RO         1412    .constdata          m_wm.l(cos_i.o)
    0x000033a8   0x000033a8   0x000000c8   Data   RO         1430    .constdata          m_wm.l(rred.o)
    0x00003470   0x00003470   0x00000028   Data   RO         1434    .constdata          m_wm.l(sin_i.o)
    0x00003498   0x00003498   0x00000010   Data   RO          632    .rodata.cst16       fsl_ftm.o
    0x000034a8   0x000034a8   0x0000000b   Data   RO         1200    .rodata.mcgConfig_BOARD_BootClockRUN  clock_config.o
    0x000034b3   0x000034b3   0x00000001   PAD
    0x000034b4   0x000034b4   0x00000008   Data   RO         1202    .rodata.oscConfig_BOARD_BootClockRUN  clock_config.o
    0x000034bc   0x000034bc   0x0000000c   Data   RO         1026    .rodata.s_UartAdapterBase  uart_adapter.o
    0x000034c8   0x000034c8   0x00000008   Data   RO         1201    .rodata.simConfig_BOARD_BootClockRUN  clock_config.o
    0x000034d0   0x000034d0   0x0000003b   Data   RO          159    .rodata.str1.1      fsl_clock.o
    0x0000350b   0x0000350b   0x00000036   Data   RO          276    .rodata.str1.1      fsl_dspi.o
    0x00003541   0x00003541   0x00000036   Data   RO          427    .rodata.str1.1      fsl_edma.o
    0x00003577   0x00003577   0x00000051   Data   RO          631    .rodata.str1.1      fsl_ftm.o
    0x000035c8   0x000035c8   0x0000002b   Data   RO         1025    .rodata.str1.1      uart_adapter.o
    0x000035f3   0x000035f3   0x0000003e   Data   RO         1056    .rodata.str1.1      serial_manager.o
    0x00003631   0x00003631   0x0000003a   Data   RO         1078    .rodata.str1.1      serial_port_uart.o
    0x0000366b   0x0000366b   0x00000055   Data   RO         1158    .rodata.str1.1      fsl_debug_console.o
    0x000036c0   0x000036c0   0x00000020   Data   RO         1620    Region$$Table       anon$$obj.o


    Execution Region RW_m_data (Exec base: 0x1fff8000, Load base: 0x000036e0, Size: 0x00000000, Max: 0x00008000, ABSOLUTE)

    **** No section assigned to this execution region ****


    Execution Region RW_m_data_2 (Exec base: 0x20000000, Load base: 0x000036e0, Size: 0x000001cc, Max: 0x0000f800, ABSOLUTE)

    Exec Addr    Load Addr    Size         Type   Attr      Idx    E Section Name        Object

    0x20000000   0x000036e0   0x00000008   Data   RW          161    .data..L_MergedGlobals  fsl_clock.o
    0x20000008   0x000036e8   0x00000004   Data   RW         1003    .data.SystemCoreClock  system_mkv31f51212.o
    0x2000000c   0x000036ec   0x00000004   Data   RW          987    .data.s_lpuartIsr   fsl_lpuart.o
    0x20000010   0x000036f0   0x00000004   Data   RW          850    .data.s_uartIsr     fsl_uart.o
    0x20000014        -       0x00000060   Zero   RW         1444    .bss                c_w.l(libspace.o)
    0x20000074        -       0x0000000c   Zero   RW           12    .bss..L_MergedGlobals  plz_work.o
    0x20000080        -       0x00000020   Zero   RW         1159    .bss..L_MergedGlobals  fsl_debug_console.o
    0x200000a0        -       0x00000008   Zero   RW          162    .bss..L_MergedGlobals.8  fsl_clock.o
    0x200000a8        -       0x000000c8   Zero   RW           10    .bss.DS             plz_work.o
    0x20000170        -       0x00000002   Zero   RW          275    .bss.g_dspiDummyData  fsl_dspi.o
    0x20000172   0x000036f4   0x00000002   PAD
    0x20000174        -       0x00000008   Zero   RW          278    .bss.g_dspiHandle   fsl_dspi.o
    0x2000017c        -       0x00000040   Zero   RW          428    .bss.s_EDMAHandle   fsl_edma.o
    0x200001bc        -       0x00000004   Zero   RW          986    .bss.s_lpuartHandle  fsl_lpuart.o
    0x200001c0        -       0x0000000c   Zero   RW          849    .bss.s_uartHandle   fsl_uart.o


    Execution Region ARM_LIB_HEAP (Exec base: 0x200001cc, Load base: 0x000036f4, Size: 0x00000400, Max: 0x00000400, ABSOLUTE)

    Exec Addr    Load Addr    Size         Type   Attr      Idx    E Section Name        Object

    0x200001cc        -       0x00000400   Zero   RW            1    ARM_LIB_HEAP.bss    anon$$obj.o


    Execution Region ARM_LIB_STACK (Exec base: 0x2000fc00, Load base: 0x000036f4, Size: 0x00000400, Max: 0x00000400, ABSOLUTE)

    Exec Addr    Load Addr    Size         Type   Attr      Idx    E Section Name        Object

    0x2000fc00        -       0x00000400   Zero   RW            2    ARM_LIB_STACK.bss   anon$$obj.o


==============================================================================

Image component sizes


      Code (inc. data)   RO Data    RW Data    ZI Data      Debug   Object Name

        96         32         27          0          0       3867   clock_config.o
        60         44          0          0          0        643   fsl_assert.o
      1326        216         59          8          8      19154   fsl_clock.o
       202         20         85          0         32       7046   fsl_debug_console.o
      1150        140         54          0         10      33879   fsl_dspi.o
       444         12         54          0         64      24652   fsl_edma.o
      1626        236         97          0          0      16405   fsl_ftm.o
        32         12          0          4          4      22023   fsl_lpuart.o
       648         28          0          0          0       6594   fsl_str.o
       124         20          0          4         12      20897   fsl_uart.o
        96         12          0          0          0       3187   pin_mux.o
       424         48          0          0        212       8461   plz_work.o
        88         12         62          0          0       8114   serial_manager.o
        64         16         58          0          0       4467   serial_port_uart.o
       308        148       1040          0          0       1641   startup_mkv31f51212.o
        46          8          0          4          0       3349   system_mkv31f51212.o
        72         12         55          0          0       5727   uart_adapter.o

    ----------------------------------------------------------------------
      6820       1020       1624         20       2392     190106   Object Totals
         0          0         32          0       2048          0   (incl. Generated)
        14          4          1          0          2          0   (incl. Padding)

    ----------------------------------------------------------------------

      Code (inc. data)   RO Data    RW Data    ZI Data      Debug   Library Member Name

         8          0          0          0          0         68   __main.o
         0          0          0          0          0          0   __rtentry.o
        12          0          0          0          0          0   __rtentry2.o
         8          4          0          0          0          0   __rtentry7.o
        52          8          0          0          0          0   __scatter.o
        26          0          0          0          0          0   __scatter_copy.o
        28          0          0          0          0          0   __scatter_zi.o
        22          0          0          0          0        100   _rserrno.o
        18          0          0          0          0         80   exit.o
         0          0          0          0          0          0   indicate_semi.o
         2          0          0          0          0          0   libinit.o
         6          0          0          0          0          0   libinit2.o
         2          0          0          0          0          0   libshutdown.o
         2          0          0          0          0          0   libshutdown2.o
         0          0          0          0         96          0   libspace.o
         8          4          0          0          0         68   rt_errno_addr_intlibspace.o
        78          0          0          0          0         80   rt_memclr_w.o
         2          0          0          0          0          0   rtexit.o
        10          0          0          0          0          0   rtexit2.o
        62          0          0          0          0         76   strlen.o
        12          4          0          0          0         68   sys_exit.o
         2          0          0          0          0         68   use_no_semi.o
        24          0          0          0          0        164   basic.o
        98          4          0          0          0        140   d2f.o
       826         16          0          0          0        500   daddsub_clz.o
       688        140          0          0          0        264   ddiv.o
        94          4          0          0          0        140   dfix.o
        84          0          0          0          0        232   dflt_clz.o
       340         12          0          0          0        152   dmul.o
       156          4          0          0          0        140   dnaninf.o
        12          0          0          0          0        116   dretinf.o
        86          4          0          0          0        132   f2d.o
       140          4          0          0          0        132   fnaninf.o
        26          0          0          0          0        116   fpinit.o
        10          0          0          0          0        116   fretinf.o
         0          0          0          0          0          0   usenofp.o
       368         46         48          0          0        200   cos_i.o
        84         16          0          0          0        372   dunder.o
        24          0          0          0          0        124   fabs.o
        48          0          0          0          0        124   fpclassify.o
       248          0          0          0          0        152   poly.o
      1080        142        200          0          0        188   rred.o
       200         20          0          0          0        164   sin.o
       304         24         40          0          0        208   sin_i.o

    ----------------------------------------------------------------------
      5316        456        288          0         96       4484   Library Totals
        16          0          0          0          0          0   (incl. Padding)

    ----------------------------------------------------------------------

      Code (inc. data)   RO Data    RW Data    ZI Data      Debug   Library Name

       360         20          0          0         96        608   c_w.l
      2584        188          0          0          0       2344   fz_wm.l
      2356        248        288          0          0       1532   m_wm.l

    ----------------------------------------------------------------------
      5316        456        288          0         96       4484   Library Totals

    ----------------------------------------------------------------------

==============================================================================


      Code (inc. data)   RO Data    RW Data    ZI Data      Debug   

     12136       1476       1912         20       2488     191842   Grand Totals
     12136       1476       1912         20       2488     191842   ELF Image Totals
     12136       1476       1912         20          0          0   ROM Totals

==============================================================================

    Total RO  Size (Code + RO Data)                14048 (  13.72kB)
    Total RW  Size (RW Data + ZI Data)              2508 (   2.45kB)
    Total ROM Size (Code + RO Data + RW Data)      14068 (  13.74kB)

==============================================================================

